Component: ARM Compiler 5.06 update 7 (build 960) Tool: armlink [4d3601]

==============================================================================

Section Cross References

    startup_stm32l432xx.o(RESET) refers to startup_stm32l432xx.o(STACK) for __initial_sp
    startup_stm32l432xx.o(RESET) refers to startup_stm32l432xx.o(.text) for Reset_Handler
    startup_stm32l432xx.o(RESET) refers to stm32l4xx_it.o(i.NMI_Handler) for NMI_Handler
    startup_stm32l432xx.o(RESET) refers to stm32l4xx_it.o(i.HardFault_Handler) for HardFault_Handler
    startup_stm32l432xx.o(RESET) refers to stm32l4xx_it.o(i.MemManage_Handler) for MemManage_Handler
    startup_stm32l432xx.o(RESET) refers to stm32l4xx_it.o(i.BusFault_Handler) for BusFault_Handler
    startup_stm32l432xx.o(RESET) refers to stm32l4xx_it.o(i.UsageFault_Handler) for UsageFault_Handler
    startup_stm32l432xx.o(RESET) refers to stm32l4xx_it.o(i.SVC_Handler) for SVC_Handler
    startup_stm32l432xx.o(RESET) refers to stm32l4xx_it.o(i.DebugMon_Handler) for DebugMon_Handler
    startup_stm32l432xx.o(RESET) refers to stm32l4xx_it.o(i.PendSV_Handler) for PendSV_Handler
    startup_stm32l432xx.o(RESET) refers to stm32l4xx_it.o(i.SysTick_Handler) for SysTick_Handler
    startup_stm32l432xx.o(RESET) refers to stm32l4xx_it.o(i.USART1_IRQHandler) for USART1_IRQHandler
    startup_stm32l432xx.o(.text) refers to system_stm32l4xx.o(i.SystemInit) for SystemInit
    startup_stm32l432xx.o(.text) refers to entry.o(.ARM.Collect$$$$00000000) for __main
    main.o(i.BlinkingLED) refers to stm32l4xx_hal_uart.o(i.HAL_UART_Transmit) for HAL_UART_Transmit
    main.o(i.BlinkingLED) refers to stm32l4xx_hal_gpio.o(i.HAL_GPIO_TogglePin) for HAL_GPIO_TogglePin
    main.o(i.BlinkingLED) refers to main.o(.bss) for .bss
    main.o(i.GettingTemperature) refers to stm32l4xx_hal_uart.o(i.HAL_UART_Transmit) for HAL_UART_Transmit
    main.o(i.GettingTemperature) refers to stm32l4xx_hal_i2c.o(i.HAL_I2C_IsDeviceReady) for HAL_I2C_IsDeviceReady
    main.o(i.GettingTemperature) refers to stm32l4xx_hal_gpio.o(i.HAL_GPIO_TogglePin) for HAL_GPIO_TogglePin
    main.o(i.GettingTemperature) refers to stm32l4xx_hal.o(i.HAL_Delay) for HAL_Delay
    main.o(i.GettingTemperature) refers to stm32l4xx_hal_i2c.o(i.HAL_I2C_Master_Transmit) for HAL_I2C_Master_Transmit
    main.o(i.GettingTemperature) refers to stm32l4xx_hal_i2c.o(i.HAL_I2C_Master_Receive) for HAL_I2C_Master_Receive
    main.o(i.GettingTemperature) refers to main.o(i.hexToAscii) for hexToAscii
    main.o(i.GettingTemperature) refers to dfltui.o(.text) for __aeabi_ui2d
    main.o(i.GettingTemperature) refers to log10.o(i.__hardfp_log10) for __hardfp_log10
    main.o(i.GettingTemperature) refers to dfixi.o(.text) for __aeabi_d2iz
    main.o(i.GettingTemperature) refers to dflti.o(.text) for __aeabi_i2d
    main.o(i.GettingTemperature) refers to pow.o(i.__hardfp_pow) for __hardfp_pow
    main.o(i.GettingTemperature) refers to dmul.o(.text) for __aeabi_dmul
    main.o(i.GettingTemperature) refers to dadd.o(.text) for __aeabi_dadd
    main.o(i.GettingTemperature) refers to dfixui.o(.text) for __aeabi_d2uiz
    main.o(i.GettingTemperature) refers to main.o(i.concat) for concat
    main.o(i.GettingTemperature) refers to main.o(i.QueTask) for QueTask
    main.o(i.GettingTemperature) refers to main.o(i.enqueue) for enqueue
    main.o(i.GettingTemperature) refers to main.o(.bss) for .bss
    main.o(i.GettingTemperature) refers to main.o(.data) for .data
    main.o(i.GettingTemperature) refers to main.o(i.BlinkingLED) for BlinkingLED
    main.o(i.MX_GPIO_Init) refers to memseta.o(.text) for __aeabi_memclr4
    main.o(i.MX_GPIO_Init) refers to stm32l4xx_hal_gpio.o(i.HAL_GPIO_WritePin) for HAL_GPIO_WritePin
    main.o(i.MX_GPIO_Init) refers to stm32l4xx_hal_gpio.o(i.HAL_GPIO_Init) for HAL_GPIO_Init
    main.o(i.MX_I2C1_Init) refers to stm32l4xx_hal_i2c.o(i.HAL_I2C_Init) for HAL_I2C_Init
    main.o(i.MX_I2C1_Init) refers to stm32l4xx_hal_i2c_ex.o(i.HAL_I2CEx_ConfigAnalogFilter) for HAL_I2CEx_ConfigAnalogFilter
    main.o(i.MX_I2C1_Init) refers to stm32l4xx_hal_i2c_ex.o(i.HAL_I2CEx_ConfigDigitalFilter) for HAL_I2CEx_ConfigDigitalFilter
    main.o(i.MX_I2C1_Init) refers to main.o(.bss) for .bss
    main.o(i.MX_USART1_UART_Init) refers to stm32l4xx_hal_uart.o(i.HAL_UART_Init) for HAL_UART_Init
    main.o(i.MX_USART1_UART_Init) refers to main.o(.bss) for .bss
    main.o(i.QueTask) refers to main.o(i.enqueue) for enqueue
    main.o(i.QueTask) refers to main.o(.data) for .data
    main.o(i.ReadThreshold) refers to stm32l4xx_hal_uart.o(i.HAL_UART_Transmit) for HAL_UART_Transmit
    main.o(i.ReadThreshold) refers to stm32l4xx_hal_uart.o(i.HAL_UART_Receive) for HAL_UART_Receive
    main.o(i.ReadThreshold) refers to stm32l4xx_hal.o(i.HAL_Delay) for HAL_Delay
    main.o(i.ReadThreshold) refers to dflti.o(.text) for __aeabi_i2d
    main.o(i.ReadThreshold) refers to log10.o(i.__hardfp_log10) for __hardfp_log10
[...]
    Removing stm32l4xx_hal_pwr.o(i.HAL_PWR_PVDCallback), (2 bytes).
    Removing stm32l4xx_hal_pwr_ex.o(.rev16_text), (4 bytes).
    Removing stm32l4xx_hal_pwr_ex.o(.revsh_text), (4 bytes).
    Removing stm32l4xx_hal_pwr_ex.o(.rrx_text), (6 bytes).
    Removing stm32l4xx_hal_pwr_ex.o(i.HAL_PWREx_ConfigPVM), (304 bytes).
    Removing stm32l4xx_hal_pwr_ex.o(i.HAL_PWREx_DisableBatteryCharging), (16 bytes).
    Removing stm32l4xx_hal_pwr_ex.o(i.HAL_PWREx_DisableGPIOPullDown), (76 bytes).
    Removing stm32l4xx_hal_pwr_ex.o(i.HAL_PWREx_DisableGPIOPullUp), (72 bytes).
    Removing stm32l4xx_hal_pwr_ex.o(i.HAL_PWREx_DisableInternalWakeUpLine), (16 bytes).
    Removing stm32l4xx_hal_pwr_ex.o(i.HAL_PWREx_DisableLowPowerRunMode), (68 bytes).
    Removing stm32l4xx_hal_pwr_ex.o(i.HAL_PWREx_DisablePVM1), (16 bytes).
    Removing stm32l4xx_hal_pwr_ex.o(i.HAL_PWREx_DisablePVM3), (16 bytes).
    Removing stm32l4xx_hal_pwr_ex.o(i.HAL_PWREx_DisablePVM4), (16 bytes).
    Removing stm32l4xx_hal_pwr_ex.o(i.HAL_PWREx_DisablePullUpPullDownConfig), (16 bytes).
    Removing stm32l4xx_hal_pwr_ex.o(i.HAL_PWREx_DisableSRAM2ContentRetention), (6 bytes).
    Removing stm32l4xx_hal_pwr_ex.o(i.HAL_PWREx_DisableVddUSB), (16 bytes).
    Removing stm32l4xx_hal_pwr_ex.o(i.HAL_PWREx_EnableBatteryCharging), (28 bytes).
    Removing stm32l4xx_hal_pwr_ex.o(i.HAL_PWREx_EnableGPIOPullDown), (104 bytes).
    Removing stm32l4xx_hal_pwr_ex.o(i.HAL_PWREx_EnableGPIOPullUp), (104 bytes).
    Removing stm32l4xx_hal_pwr_ex.o(i.HAL_PWREx_EnableInternalWakeUpLine), (16 bytes).
    Removing stm32l4xx_hal_pwr_ex.o(i.HAL_PWREx_EnableLowPowerRunMode), (16 bytes).
    Removing stm32l4xx_hal_pwr_ex.o(i.HAL_PWREx_EnablePVM1), (16 bytes).
    Removing stm32l4xx_hal_pwr_ex.o(i.HAL_PWREx_EnablePVM3), (16 bytes).
    Removing stm32l4xx_hal_pwr_ex.o(i.HAL_PWREx_EnablePVM4), (16 bytes).
    Removing stm32l4xx_hal_pwr_ex.o(i.HAL_PWREx_EnablePullUpPullDownConfig), (16 bytes).
    Removing stm32l4xx_hal_pwr_ex.o(i.HAL_PWREx_EnableSRAM2ContentRetention), (8 bytes).
    Removing stm32l4xx_hal_pwr_ex.o(i.HAL_PWREx_EnableVddUSB), (16 bytes).
    Removing stm32l4xx_hal_pwr_ex.o(i.HAL_PWREx_EnterSHUTDOWNMode), (36 bytes).
    Removing stm32l4xx_hal_pwr_ex.o(i.HAL_PWREx_EnterSTOP0Mode), (52 bytes).
    Removing stm32l4xx_hal_pwr_ex.o(i.HAL_PWREx_EnterSTOP1Mode), (56 bytes).
    Removing stm32l4xx_hal_pwr_ex.o(i.HAL_PWREx_EnterSTOP2Mode), (56 bytes).
    Removing stm32l4xx_hal_pwr_ex.o(i.HAL_PWREx_PVD_PVM_IRQHandler), (72 bytes).
    Removing stm32l4xx_hal_pwr_ex.o(i.HAL_PWREx_PVM1Callback), (2 bytes).
    Removing stm32l4xx_hal_pwr_ex.o(i.HAL_PWREx_PVM3Callback), (2 bytes).
    Removing stm32l4xx_hal_pwr_ex.o(i.HAL_PWREx_PVM4Callback), (2 bytes).
    Removing stm32l4xx_hal_pwr_ex.o(i.HAL_PWREx_SetSRAM2ContentRetention), (40 bytes).
    Removing stm32l4xx_hal_cortex.o(.rev16_text), (4 bytes).
    Removing stm32l4xx_hal_cortex.o(.revsh_text), (4 bytes).
    Removing stm32l4xx_hal_cortex.o(.rrx_text), (6 bytes).
    Removing stm32l4xx_hal_cortex.o(i.HAL_MPU_ConfigRegion), (84 bytes).
    Removing stm32l4xx_hal_cortex.o(i.HAL_MPU_Disable), (16 bytes).
    Removing stm32l4xx_hal_cortex.o(i.HAL_MPU_Enable), (24 bytes).
    Removing stm32l4xx_hal_cortex.o(i.HAL_NVIC_ClearPendingIRQ), (26 bytes).
    Removing stm32l4xx_hal_cortex.o(i.HAL_NVIC_DisableIRQ), (34 bytes).
    Removing stm32l4xx_hal_cortex.o(i.HAL_NVIC_GetActive), (36 bytes).
    Removing stm32l4xx_hal_cortex.o(i.HAL_NVIC_GetPendingIRQ), (36 bytes).
    Removing stm32l4xx_hal_cortex.o(i.HAL_NVIC_GetPriority), (82 bytes).
    Removing stm32l4xx_hal_cortex.o(i.HAL_NVIC_GetPriorityGrouping), (16 bytes).
    Removing stm32l4xx_hal_cortex.o(i.HAL_NVIC_SetPendingIRQ), (26 bytes).
    Removing stm32l4xx_hal_cortex.o(i.HAL_NVIC_SystemReset), (36 bytes).
    Removing stm32l4xx_hal_cortex.o(i.HAL_SYSTICK_CLKSourceConfig), (24 bytes).
    Removing stm32l4xx_hal_cortex.o(i.HAL_SYSTICK_Callback), (2 bytes).
    Removing stm32l4xx_hal_cortex.o(i.HAL_SYSTICK_IRQHandler), (8 bytes).
    Removing stm32l4xx_hal_exti.o(.rev16_text), (4 bytes).
    Removing stm32l4xx_hal_exti.o(.revsh_text), (4 bytes).
    Removing stm32l4xx_hal_exti.o(.rrx_text), (6 bytes).
    Removing stm32l4xx_hal_exti.o(i.HAL_EXTI_ClearConfigLine), (128 bytes).
    Removing stm32l4xx_hal_exti.o(i.HAL_EXTI_ClearPending), (28 bytes).
    Removing stm32l4xx_hal_exti.o(i.HAL_EXTI_GenerateSWI), (28 bytes).
    Removing stm32l4xx_hal_exti.o(i.HAL_EXTI_GetConfigLine), (172 bytes).
    Removing stm32l4xx_hal_exti.o(i.HAL_EXTI_GetHandle), (12 bytes).
    Removing stm32l4xx_hal_exti.o(i.HAL_EXTI_GetPending), (32 bytes).
    Removing stm32l4xx_hal_exti.o(i.HAL_EXTI_IRQHandler), (44 bytes).
    Removing stm32l4xx_hal_exti.o(i.HAL_EXTI_RegisterCallback), (14 bytes).
    Removing stm32l4xx_hal_exti.o(i.HAL_EXTI_SetConfigLine), (176 bytes).
    Removing stm32l4xx_hal_tim.o(.rev16_text), (4 bytes).
    Removing stm32l4xx_hal_tim.o(.revsh_text), (4 bytes).
    Removing stm32l4xx_hal_tim.o(.rrx_text), (6 bytes).
    Removing stm32l4xx_hal_tim_ex.o(.rev16_text), (4 bytes).
    Removing stm32l4xx_hal_tim_ex.o(.revsh_text), (4 bytes).
    Removing stm32l4xx_hal_tim_ex.o(.rrx_text), (6 bytes).
    Removing stm32l4xx_hal_uart.o(.rev16_text), (4 bytes).
    Removing stm32l4xx_hal_uart.o(.revsh_text), (4 bytes).
    Removing stm32l4xx_hal_uart.o(.rrx_text), (6 bytes).
    Removing stm32l4xx_hal_uart.o(i.HAL_HalfDuplex_EnableReceiver), (56 bytes).
    Removing stm32l4xx_hal_uart.o(i.HAL_HalfDuplex_EnableTransmitter), (56 bytes).
    Removing stm32l4xx_hal_uart.o(i.HAL_HalfDuplex_Init), (112 bytes).
    Removing stm32l4xx_hal_uart.o(i.HAL_LIN_Init), (136 bytes).
    Removing stm32l4xx_hal_uart.o(i.HAL_LIN_SendBreak), (46 bytes).
    Removing stm32l4xx_hal_uart.o(i.HAL_MultiProcessor_DisableMuteMode), (40 bytes).
    Removing stm32l4xx_hal_uart.o(i.HAL_MultiProcessor_EnableMuteMode), (40 bytes).
    Removing stm32l4xx_hal_uart.o(i.HAL_MultiProcessor_EnterMuteMode), (12 bytes).
    Removing stm32l4xx_hal_uart.o(i.HAL_MultiProcessor_Init), (134 bytes).
    Removing stm32l4xx_hal_uart.o(i.HAL_UART_Abort), (176 bytes).
    Removing stm32l4xx_hal_uart.o(i.HAL_UART_AbortCpltCallback), (2 bytes).
    Removing stm32l4xx_hal_uart.o(i.HAL_UART_AbortReceive), (124 bytes).
    Removing stm32l4xx_hal_uart.o(i.HAL_UART_AbortReceiveCpltCallback), (2 bytes).
    Removing stm32l4xx_hal_uart.o(i.HAL_UART_AbortReceive_IT), (140 bytes).
    Removing stm32l4xx_hal_uart.o(i.HAL_UART_AbortTransmit), (80 bytes).
    Removing stm32l4xx_hal_uart.o(i.HAL_UART_AbortTransmitCpltCallback), (2 bytes).
    Removing stm32l4xx_hal_uart.o(i.HAL_UART_AbortTransmit_IT), (84 bytes).
    Removing stm32l4xx_hal_uart.o(i.HAL_UART_Abort_IT), (212 bytes).
    Removing stm32l4xx_hal_uart.o(i.HAL_UART_DMAPause), (96 bytes).
    Removing stm32l4xx_hal_uart.o(i.HAL_UART_DMAResume), (88 bytes).
    Removing stm32l4xx_hal_uart.o(i.HAL_UART_DMAStop), (116 bytes).
    Removing stm32l4xx_hal_uart.o(i.HAL_UART_DeInit), (62 bytes).
    Removing stm32l4xx_hal_uart.o(i.HAL_UART_DisableReceiverTimeout), (64 bytes).
    Removing stm32l4xx_hal_uart.o(i.HAL_UART_EnableReceiverTimeout), (64 bytes).
    Removing stm32l4xx_hal_uart.o(i.HAL_UART_GetError), (6 bytes).
    Removing stm32l4xx_hal_uart.o(i.HAL_UART_GetState), (10 bytes).
    Removing stm32l4xx_hal_uart.o(i.HAL_UART_MspDeInit), (2 bytes).
    Removing stm32l4xx_hal_uart.o(i.HAL_UART_MspInit), (2 bytes).
    Removing stm32l4xx_hal_uart.o(i.HAL_UART_Receive_DMA), (72 bytes).
    Removing stm32l4xx_hal_uart.o(i.HAL_UART_Receive_IT), (72 bytes).
    Removing stm32l4xx_hal_uart.o(i.HAL_UART_ReceiverTimeout_Config), (24 bytes).
    Removing stm32l4xx_hal_uart.o(i.HAL_UART_RxCpltCallback), (2 bytes).
    Removing stm32l4xx_hal_uart.o(i.HAL_UART_RxHalfCpltCallback), (2 bytes).
    Removing stm32l4xx_hal_uart.o(i.HAL_UART_Transmit_DMA), (148 bytes).
    Removing stm32l4xx_hal_uart.o(i.HAL_UART_Transmit_IT), (104 bytes).
    Removing stm32l4xx_hal_uart.o(i.HAL_UART_TxHalfCpltCallback), (2 bytes).
    Removing stm32l4xx_hal_uart.o(i.UART_DMAError), (76 bytes).
    Removing stm32l4xx_hal_uart.o(i.UART_DMAReceiveCplt), (92 bytes).
    Removing stm32l4xx_hal_uart.o(i.UART_DMARxAbortCallback), (62 bytes).
    Removing stm32l4xx_hal_uart.o(i.UART_DMARxHalfCplt), (28 bytes).
    Removing stm32l4xx_hal_uart.o(i.UART_DMARxOnlyAbortCallback), (38 bytes).
    Removing stm32l4xx_hal_uart.o(i.UART_DMATransmitCplt), (48 bytes).
    Removing stm32l4xx_hal_uart.o(i.UART_DMATxAbortCallback), (52 bytes).
    Removing stm32l4xx_hal_uart.o(i.UART_DMATxHalfCplt), (10 bytes).
    Removing stm32l4xx_hal_uart.o(i.UART_DMATxOnlyAbortCallback), (20 bytes).
    Removing stm32l4xx_hal_uart.o(i.UART_EndTxTransfer), (16 bytes).
    Removing stm32l4xx_hal_uart.o(i.UART_RxISR_16BIT), (124 bytes).
    Removing stm32l4xx_hal_uart.o(i.UART_RxISR_8BIT), (124 bytes).
    Removing stm32l4xx_hal_uart.o(i.UART_Start_Receive_DMA), (132 bytes).
    Removing stm32l4xx_hal_uart.o(i.UART_Start_Receive_IT), (144 bytes).
    Removing stm32l4xx_hal_uart.o(i.UART_TxISR_16BIT), (64 bytes).
    Removing stm32l4xx_hal_uart.o(i.UART_TxISR_8BIT), (60 bytes).
    Removing stm32l4xx_hal_uart_ex.o(.rev16_text), (4 bytes).
    Removing stm32l4xx_hal_uart_ex.o(.revsh_text), (4 bytes).
    Removing stm32l4xx_hal_uart_ex.o(.rrx_text), (6 bytes).
    Removing stm32l4xx_hal_uart_ex.o(i.HAL_MultiProcessorEx_AddressLength_Set), (46 bytes).
    Removing stm32l4xx_hal_uart_ex.o(i.HAL_RS485Ex_Init), (136 bytes).
    Removing stm32l4xx_hal_uart_ex.o(i.HAL_UARTEx_DisableClockStopMode), (38 bytes).
    Removing stm32l4xx_hal_uart_ex.o(i.HAL_UARTEx_DisableStopMode), (38 bytes).
    Removing stm32l4xx_hal_uart_ex.o(i.HAL_UARTEx_EnableClockStopMode), (38 bytes).
    Removing stm32l4xx_hal_uart_ex.o(i.HAL_UARTEx_EnableStopMode), (38 bytes).
    Removing stm32l4xx_hal_uart_ex.o(i.HAL_UARTEx_ReceiveToIdle), (310 bytes).
    Removing stm32l4xx_hal_uart_ex.o(i.HAL_UARTEx_ReceiveToIdle_DMA), (72 bytes).
    Removing stm32l4xx_hal_uart_ex.o(i.HAL_UARTEx_ReceiveToIdle_IT), (72 bytes).
    Removing stm32l4xx_hal_uart_ex.o(i.HAL_UARTEx_StopModeWakeUpSourceConfig), (134 bytes).
    Removing system_stm32l4xx.o(.rev16_text), (4 bytes).
    Removing system_stm32l4xx.o(.revsh_text), (4 bytes).
    Removing system_stm32l4xx.o(.rrx_text), (6 bytes).
    Removing system_stm32l4xx.o(i.SystemCoreClockUpdate), (168 bytes).
    Removing dneg.o(.text), (6 bytes).
    Removing dfixul.o(.text), (48 bytes).

379 unused section(s) (total 24652 bytes) removed from the image.

==============================================================================

Image Symbol Table

    Local Symbols

    Symbol Name                              Value     Ov Type        Size  Object(Section)

    ../Core/Src/main.c                       0x00000000   Number         0  main.o ABSOLUTE
    ../Core/Src/stm32l4xx_hal_msp.c          0x00000000   Number         0  stm32l4xx_hal_msp.o ABSOLUTE
    ../Core/Src/stm32l4xx_it.c               0x00000000   Number         0  stm32l4xx_it.o ABSOLUTE
    ../Core/Src/system_stm32l4xx.c           0x00000000   Number         0  system_stm32l4xx.o ABSOLUTE
    ../Drivers/STM32L4xx_HAL_Driver/Src/stm32l4xx_hal.c 0x00000000   Number         0  stm32l4xx_hal.o ABSOLUTE
    ../Drivers/STM32L4xx_HAL_Driver/Src/stm32l4xx_hal_cortex.c 0x00000000   Number         0  stm32l4xx_hal_cortex.o ABSOLUTE
    ../Drivers/STM32L4xx_HAL_Driver/Src/stm32l4xx_hal_dma.c 0x00000000   Number         0  stm32l4xx_hal_dma.o ABSOLUTE
    ../Drivers/STM32L4xx_HAL_Driver/Src/stm32l4xx_hal_dma_ex.c 0x00000000   Number         0  stm32l4xx_hal_dma_ex.o ABSOLUTE
    ../Drivers/STM32L4xx_HAL_Driver/Src/stm32l4xx_hal_exti.c 0x00000000   Number         0  stm32l4xx_hal_exti.o ABSOLUTE
    ../Drivers/STM32L4xx_HAL_Driver/Src/stm32l4xx_hal_flash.c 0x00000000   Number         0  stm32l4xx_hal_flash.o ABSOLUTE
    ../Drivers/STM32L4xx_HAL_Driver/Src/stm32l4xx_hal_flash_ex.c 0x00000000   Number         0  stm32l4xx_hal_flash_ex.o ABSOLUTE
    ../Drivers/STM32L4xx_HAL_Driver/Src/stm32l4xx_hal_flash_ramfunc.c 0x00000000   Number         0  stm32l4xx_hal_flash_ramfunc.o ABSOLUTE
    ../Drivers/STM32L4xx_HAL_Driver/Src/stm32l4xx_hal_gpio.c 0x00000000   Number         0  stm32l4xx_hal_gpio.o ABSOLUTE
    ../Drivers/STM32L4xx_HAL_Driver/Src/stm32l4xx_hal_i2c.c 0x00000000   Number         0  stm32l4xx_hal_i2c.o ABSOLUTE
    ../Drivers/STM32L4xx_HAL_Driver/Src/stm32l4xx_hal_i2c_ex.c 0x00000000   Number         0  stm32l4xx_hal_i2c_ex.o ABSOLUTE
    ../Drivers/STM32L4xx_HAL_Driver/Src/stm32l4xx_hal_pwr.c 0x00000000   Number         0  stm32l4xx_hal_pwr.o ABSOLUTE
    ../Drivers/STM32L4xx_HAL_Driver/Src/stm32l4xx_hal_pwr_ex.c 0x00000000   Number         0  stm32l4xx_hal_pwr_ex.o ABSOLUTE
    ../Drivers/STM32L4xx_HAL_Driver/Src/stm32l4xx_hal_rcc.c 0x00000000   Number         0  stm32l4xx_hal_rcc.o ABSOLUTE
    ../Drivers/STM32L4xx_HAL_Driver/Src/stm32l4xx_hal_rcc_ex.c 0x00000000   Number         0  stm32l4xx_hal_rcc_ex.o ABSOLUTE
    ../Drivers/STM32L4xx_HAL_Driver/Src/stm32l4xx_hal_tim.c 0x00000000   Number         0  stm32l4xx_hal_tim.o ABSOLUTE
    ../Drivers/STM32L4xx_HAL_Driver/Src/stm32l4xx_hal_tim_ex.c 0x00000000   Number         0  stm32l4xx_hal_tim_ex.o ABSOLUTE
    ../Drivers/STM32L4xx_HAL_Driver/Src/stm32l4xx_hal_uart.c 0x00000000   Number         0  stm32l4xx_hal_uart.o ABSOLUTE
    ../Drivers/STM32L4xx_HAL_Driver/Src/stm32l4xx_hal_uart_ex.c 0x00000000   Number         0  stm32l4xx_hal_uart_ex.o ABSOLUTE
    ../clib/microlib/division.c              0x00000000   Number         0  uidiv.o ABSOLUTE
    ../clib/microlib/division.c              0x00000000   Number         0  uldiv.o ABSOLUTE
    ../clib/microlib/errno.c                 0x00000000   Number         0  errno.o ABSOLUTE
    ../clib/microlib/init/entry.s            0x00000000   Number         0  entry8b.o ABSOLUTE
    ../clib/microlib/init/entry.s            0x00000000   Number         0  entry.o ABSOLUTE
    ../clib/microlib/init/entry.s            0x00000000   Number         0  entry9a.o ABSOLUTE
    ../clib/microlib/init/entry.s            0x00000000   Number         0  entry9b.o ABSOLUTE
    ../clib/microlib/init/entry.s            0x00000000   Number         0  entry10a.o ABSOLUTE
    ../clib/microlib/init/entry.s            0x00000000   Number         0  entry10b.o ABSOLUTE
    ../clib/microlib/init/entry.s            0x00000000   Number         0  entry7b.o ABSOLUTE
    ../clib/microlib/init/entry.s            0x00000000   Number         0  entry7a.o ABSOLUTE
    ../clib/microlib/init/entry.s            0x00000000   Number         0  entry11a.o ABSOLUTE
    ../clib/microlib/init/entry.s            0x00000000   Number         0  entry2.o ABSOLUTE
    ../clib/microlib/init/entry.s            0x00000000   Number         0  entry11b.o ABSOLUTE
    ../clib/microlib/init/entry.s            0x00000000   Number         0  entry12b.o ABSOLUTE
    ../clib/microlib/init/entry.s            0x00000000   Number         0  entry5.o ABSOLUTE
    ../clib/microlib/init/entry.s            0x00000000   Number         0  entry8a.o ABSOLUTE
    ../clib/microlib/init/entry.s            0x00000000   Number         0  entry12a.o ABSOLUTE
    ../clib/microlib/longlong.c              0x00000000   Number         0  llushr.o ABSOLUTE
    ../clib/microlib/longlong.c              0x00000000   Number         0  llsshr.o ABSOLUTE
    ../clib/microlib/longlong.c              0x00000000   Number         0  llshl.o ABSOLUTE
    ../clib/microlib/malloc/malloc.c         0x00000000   Number         0  mallocra.o ABSOLUTE
    ../clib/microlib/malloc/malloc.c         0x00000000   Number         0  malloca.o ABSOLUTE
    ../clib/microlib/malloc/malloc.c         0x00000000   Number         0  mallocr.o ABSOLUTE
    ../clib/microlib/malloc/malloc.c         0x00000000   Number         0  malloc.o ABSOLUTE
    ../clib/microlib/malloc/mvars.c          0x00000000   Number         0  mvars.o ABSOLUTE
    ../clib/microlib/printf/printf.c         0x00000000   Number         0  printfb.o ABSOLUTE
    ../clib/microlib/printf/printf.c         0x00000000   Number         0  printfa.o ABSOLUTE
    ../clib/microlib/printf/printf.c         0x00000000   Number         0  printf8.o ABSOLUTE
    ../clib/microlib/printf/printf.c         0x00000000   Number         0  printf7.o ABSOLUTE
    ../clib/microlib/printf/printf.c         0x00000000   Number         0  printf6.o ABSOLUTE
    ../clib/microlib/printf/printf.c         0x00000000   Number         0  printf5.o ABSOLUTE
    ../clib/microlib/printf/printf.c         0x00000000   Number         0  printf3.o ABSOLUTE
    ../clib/microlib/printf/printf.c         0x00000000   Number         0  printf4.o ABSOLUTE
    ../clib/microlib/printf/printf.c         0x00000000   Number         0  printf2.o ABSOLUTE
    ../clib/microlib/printf/printf.c         0x00000000   Number         0  printf1.o ABSOLUTE
    ../clib/microlib/printf/printf.c         0x00000000   Number         0  printf0.o ABSOLUTE
    ../clib/microlib/stdio/fputc.c           0x00000000   Number         0  fputc.o ABSOLUTE
    ../clib/microlib/stdio/semi.s            0x00000000   Number         0  semi.o ABSOLUTE
    ../clib/microlib/stdio/streams.c         0x00000000   Number         0  stdout.o ABSOLUTE
    ../clib/microlib/string/memcpy.c         0x00000000   Number         0  memcpyb.o ABSOLUTE
    ../clib/microlib/string/memcpy.c         0x00000000   Number         0  memcpya.o ABSOLUTE
    ../clib/microlib/string/memset.c         0x00000000   Number         0  memseta.o ABSOLUTE
    ../clib/microlib/stubs.s                 0x00000000   Number         0  iusesemip.o ABSOLUTE
    ../clib/microlib/stubs.s                 0x00000000   Number         0  iusefp.o ABSOLUTE
    ../fplib/microlib/fpadd.c                0x00000000   Number         0  dadd.o ABSOLUTE
    ../fplib/microlib/fpdiv.c                0x00000000   Number         0  ddiv.o ABSOLUTE
    ../fplib/microlib/fpepilogue.c           0x00000000   Number         0  depilogue.o ABSOLUTE
    ../fplib/microlib/fpfix.c                0x00000000   Number         0  dfixi.o ABSOLUTE
    ../fplib/microlib/fpfix.c                0x00000000   Number         0  dfixui.o ABSOLUTE
    ../fplib/microlib/fpfix.c                0x00000000   Number         0  dfixul.o ABSOLUTE
    ../fplib/microlib/fpflt.c                0x00000000   Number         0  dflti.o ABSOLUTE
    ../fplib/microlib/fpflt.c                0x00000000   Number         0  dfltui.o ABSOLUTE
    ../fplib/microlib/fpmul.c                0x00000000   Number         0  dmul.o ABSOLUTE
    ../fplib/microlib/fpneg.c                0x00000000   Number         0  dneg.o ABSOLUTE
    ../fplib/microlib/fpscalb.c              0x00000000   Number         0  dscalb.o ABSOLUTE
    ../fplib/microlib/fpsqrt.c               0x00000000   Number         0  dsqrt.o ABSOLUTE
    ../mathlib/dunder.c                      0x00000000   Number         0  dunder.o ABSOLUTE
    ../mathlib/fabs.c                        0x00000000   Number         0  fabs.o ABSOLUTE
    ../mathlib/fpclassify.c                  0x00000000   Number         0  fpclassify.o ABSOLUTE
    ../mathlib/log.c                         0x00000000   Number         0  log_x.o ABSOLUTE
    ../mathlib/log.c                         0x00000000   Number         0  log.o ABSOLUTE
    ../mathlib/log10.c                       0x00000000   Number         0  log10_x.o ABSOLUTE
    ../mathlib/log10.c                       0x00000000   Number         0  log10.o ABSOLUTE
    ../mathlib/poly.c                        0x00000000   Number         0  poly.o ABSOLUTE
    ../mathlib/pow.c                         0x00000000   Number         0  pow.o ABSOLUTE
    ../mathlib/pow.c                         0x00000000   Number         0  pow_x.o ABSOLUTE
    ../mathlib/qnan.c                        0x00000000   Number         0  qnan.o ABSOLUTE
    ../mathlib/sqrt.c                        0x00000000   Number         0  sqrt_x.o ABSOLUTE
    ../mathlib/sqrt.c                        0x00000000   Number         0  sqrt.o ABSOLUTE
    ..\Core\Src\main.c                       0x00000000   Number         0  main.o ABSOLUTE
    ..\Core\Src\stm32l4xx_hal_msp.c          0x00000000   Number         0  stm32l4xx_hal_msp.o ABSOLUTE
    ..\Core\Src\stm32l4xx_it.c               0x00000000   Number         0  stm32l4xx_it.o ABSOLUTE
    ..\Core\Src\system_stm32l4xx.c           0x00000000   Number         0  system_stm32l4xx.o ABSOLUTE
    ..\Drivers\STM32L4xx_HAL_Driver\Src\stm32l4xx_hal.c 0x00000000   Number         0  stm32l4xx_hal.o ABSOLUTE
    ..\Drivers\STM32L4xx_HAL_Driver\Src\stm32l4xx_hal_cortex.c 0x00000000   Number         0  stm32l4xx_hal_cortex.o ABSOLUTE
    ..\Drivers\STM32L4xx_HAL_Driver\Src\stm32l4xx_hal_dma.c 0x00000000   Number         0  stm32l4xx_hal_dma.o ABSOLUTE
    ..\Drivers\STM32L4xx_HAL_Driver\Src\stm32l4xx_hal_dma_ex.c 0x00000000   Number         0  stm32l4xx_hal_dma_ex.o ABSOLUTE
    ..\Drivers\STM32L4xx_HAL_Driver\Src\stm32l4xx_hal_exti.c 0x00000000   Number         0  stm32l4xx_hal_exti.o ABSOLUTE
    ..\Drivers\STM32L4xx_HAL_Driver\Src\stm32l4xx_hal_flash.c 0x00000000   Number         0  stm32l4xx_hal_flash.o ABSOLUTE
    ..\Drivers\STM32L4xx_HAL_Driver\Src\stm32l4xx_hal_flash_ex.c 0x00000000   Number         0  stm32l4xx_hal_flash_ex.o ABSOLUTE
    ..\Drivers\STM32L4xx_HAL_Driver\Src\stm32l4xx_hal_flash_ramfunc.c 0x00000000   Number         0  stm32l4xx_hal_flash_ramfunc.o ABSOLUTE
    ..\Drivers\STM32L4xx_HAL_Driver\Src\stm32l4xx_hal_gpio.c 0x00000000   Number         0  stm32l4xx_hal_gpio.o ABSOLUTE
    ..\Drivers\STM32L4xx_HAL_Driver\Src\stm32l4xx_hal_i2c.c 0x00000000   Number         0  stm32l4xx_hal_i2c.o ABSOLUTE
    ..\Drivers\STM32L4xx_HAL_Driver\Src\stm32l4xx_hal_i2c_ex.c 0x00000000   Number         0  stm32l4xx_hal_i2c_ex.o ABSOLUTE
    ..\Drivers\STM32L4xx_HAL_Driver\Src\stm32l4xx_hal_pwr.c 0x00000000   Number         0  stm32l4xx_hal_pwr.o ABSOLUTE
    ..\Drivers\STM32L4xx_HAL_Driver\Src\stm32l4xx_hal_pwr_ex.c 0x00000000   Number         0  stm32l4xx_hal_pwr_ex.o ABSOLUTE
    ..\Drivers\STM32L4xx_HAL_Driver\Src\stm32l4xx_hal_rcc.c 0x00000000   Number         0  stm32l4xx_hal_rcc.o ABSOLUTE
    ..\Drivers\STM32L4xx_HAL_Driver\Src\stm32l4xx_hal_rcc_ex.c 0x00000000   Number         0  stm32l4xx_hal_rcc_ex.o ABSOLUTE
    ..\Drivers\STM32L4xx_HAL_Driver\Src\stm32l4xx_hal_tim.c 0x00000000   Number         0  stm32l4xx_hal_tim.o ABSOLUTE
    ..\Drivers\STM32L4xx_HAL_Driver\Src\stm32l4xx_hal_tim_ex.c 0x00000000   Number         0  stm32l4xx_hal_tim_ex.o ABSOLUTE
    ..\Drivers\STM32L4xx_HAL_Driver\Src\stm32l4xx_hal_uart.c 0x00000000   Number         0  stm32l4xx_hal_uart.o ABSOLUTE
    ..\Drivers\STM32L4xx_HAL_Driver\Src\stm32l4xx_hal_uart_ex.c 0x00000000   Number         0  stm32l4xx_hal_uart_ex.o ABSOLUTE
    cdcmple.s                                0x00000000   Number         0  cdcmple.o ABSOLUTE
    cdrcmple.s                               0x00000000   Number         0  cdrcmple.o ABSOLUTE
    dc.s                                     0x00000000   Number         0  dc.o ABSOLUTE
    handlers.s                               0x00000000   Number         0  handlers.o ABSOLUTE
    init.s                                   0x00000000   Number         0  init.o ABSOLUTE
    startup_stm32l432xx.s                    0x00000000   Number         0  startup_stm32l432xx.o ABSOLUTE
    RESET                                    0x08000000   Section      396  startup_stm32l432xx.o(RESET)
    .ARM.Collect$$$$00000000                 0x0800018c   Section        0  entry.o(.ARM.Collect$$$$00000000)
    .ARM.Collect$$$$00000001                 0x0800018c   Section        4  entry2.o(.ARM.Collect$$$$00000001)
    .ARM.Collect$$$$00000004                 0x08000190   Section        4  entry5.o(.ARM.Collect$$$$00000004)
    .ARM.Collect$$$$00000008                 0x08000194   Section        0  entry7b.o(.ARM.Collect$$$$00000008)
    .ARM.Collect$$$$0000000A                 0x08000194   Section        0  entry8b.o(.ARM.Collect$$$$0000000A)
    .ARM.Collect$$$$0000000B                 0x08000194   Section        8  entry9a.o(.ARM.Collect$$$$0000000B)
    .ARM.Collect$$$$0000000E                 0x0800019c   Section        4  entry12b.o(.ARM.Collect$$$$0000000E)
    .ARM.Collect$$$$0000000F                 0x080001a0   Section        0  entry10a.o(.ARM.Collect$$$$0000000F)
    .ARM.Collect$$$$00000011                 0x080001a0   Section        0  entry11a.o(.ARM.Collect$$$$00000011)
    .ARM.Collect$$$$00002712                 0x080001a0   Section        4  entry2.o(.ARM.Collect$$$$00002712)
    __lit__00000000                          0x080001a0   Data           4  entry2.o(.ARM.Collect$$$$00002712)
    .text                                    0x080001a4   Section       36  startup_stm32l432xx.o(.text)
    $v0                                      0x080001a4   Number         0  startup_stm32l432xx.o(.text)
    .text                                    0x080001c8   Section        0  uldiv.o(.text)
    .text                                    0x08000230   Section        0  memseta.o(.text)
    .text                                    0x08000254   Section        0  dadd.o(.text)
    .text                                    0x080003b2   Section        0  dmul.o(.text)
    .text                                    0x0800049c   Section        0  dflti.o(.text)
    .text                                    0x080004be   Section        0  dfltui.o(.text)
    .text                                    0x080004d8   Section        0  dfixi.o(.text)
    .text                                    0x08000516   Section        0  dfixui.o(.text)
    .text                                    0x08000548   Section        0  llshl.o(.text)
    .text                                    0x08000566   Section        0  llushr.o(.text)
    .text                                    0x08000586   Section        0  llsshr.o(.text)
    .text                                    0x080005aa   Section        0  iusefp.o(.text)
    .text                                    0x080005aa   Section        0  depilogue.o(.text)
    .text                                    0x08000664   Section        0  ddiv.o(.text)
    .text                                    0x08000742   Section        0  dscalb.o(.text)
    .text                                    0x08000770   Section       48  cdrcmple.o(.text)
    .text                                    0x080007a0   Section       36  init.o(.text)
    .text                                    0x080007c4   Section        0  dsqrt.o(.text)
    .text                                    0x080007c4   Section        0  iusesemip.o(.text)
    .text                                    0x080007c4   Section        0  semi.o(.text)
    .text                                    0x08000868   Section       48  cdcmple.o(.text)
    i.BlinkingLED                            0x08000898   Section        0  main.o(i.BlinkingLED)
    BlinkingLED                              0x08000899   Thumb Code    34  main.o(i.BlinkingLED)
    i.BusFault_Handler                       0x080008cc   Section        0  stm32l4xx_it.o(i.BusFault_Handler)
    i.DebugMon_Handler                       0x080008ce   Section        0  stm32l4xx_it.o(i.DebugMon_Handler)
    i.GettingTemperature                     0x080008d0   Section        0  main.o(i.GettingTemperature)
    GettingTemperature                       0x080008d1   Thumb Code   578  main.o(i.GettingTemperature)
    i.HAL_DMA_Abort                          0x08000b40   Section        0  stm32l4xx_hal_dma.o(i.HAL_DMA_Abort)
    i.HAL_DMA_Abort_IT                       0x08000b8a   Section        0  stm32l4xx_hal_dma.o(i.HAL_DMA_Abort_IT)
    i.HAL_Delay                              0x08000bd8   Section        0  stm32l4xx_hal.o(i.HAL_Delay)
    i.HAL_GPIO_Init                          0x08000bfc   Section        0  stm32l4xx_hal_gpio.o(i.HAL_GPIO_Init)
    i.HAL_GPIO_TogglePin                     0x08000d9e   Section        0  stm32l4xx_hal_gpio.o(i.HAL_GPIO_TogglePin)
    i.HAL_GPIO_WritePin                      0x08000dae   Section        0  stm32l4xx_hal_gpio.o(i.HAL_GPIO_WritePin)
    i.HAL_GetTick                            0x08000db8   Section        0  stm32l4xx_hal.o(i.HAL_GetTick)
    i.HAL_I2CEx_ConfigAnalogFilter           0x08000dc4   Section        0  stm32l4xx_hal_i2c_ex.o(i.HAL_I2CEx_ConfigAnalogFilter)
    i.HAL_I2CEx_ConfigDigitalFilter          0x08000e1a   Section        0  stm32l4xx_hal_i2c_ex.o(i.HAL_I2CEx_ConfigDigitalFilter)
    i.HAL_I2C_Init                           0x08000e6c   Section        0  stm32l4xx_hal_i2c.o(i.HAL_I2C_Init)
    i.HAL_I2C_IsDeviceReady                  0x08000f24   Section        0  stm32l4xx_hal_i2c.o(i.HAL_I2C_IsDeviceReady)
    i.HAL_I2C_Master_Receive                 0x08001050   Section        0  stm32l4xx_hal_i2c.o(i.HAL_I2C_Master_Receive)
    i.HAL_I2C_Master_Transmit                0x0800117c   Section        0  stm32l4xx_hal_i2c.o(i.HAL_I2C_Master_Transmit)
    i.HAL_I2C_MspInit                        0x080012a8   Section        0  stm32l4xx_hal_msp.o(i.HAL_I2C_MspInit)
    i.HAL_IncTick                            0x0800130c   Section        0  stm32l4xx_hal.o(i.HAL_IncTick)
    i.HAL_Init                               0x0800131c   Section        0  stm32l4xx_hal.o(i.HAL_Init)
    i.HAL_InitTick                           0x0800133c   Section        0  stm32l4xx_hal.o(i.HAL_InitTick)
    i.HAL_MspInit                            0x08001380   Section        0  stm32l4xx_hal_msp.o(i.HAL_MspInit)
    i.HAL_NVIC_EnableIRQ                     0x080013ac   Section        0  stm32l4xx_hal_cortex.o(i.HAL_NVIC_EnableIRQ)
    i.HAL_NVIC_SetPriority                   0x080013c8   Section        0  stm32l4xx_hal_cortex.o(i.HAL_NVIC_SetPriority)
    i.HAL_NVIC_SetPriorityGrouping           0x08001408   Section        0  stm32l4xx_hal_cortex.o(i.HAL_NVIC_SetPriorityGrouping)
    i.HAL_PWREx_ControlVoltageScaling        0x0800142c   Section        0  stm32l4xx_hal_pwr_ex.o(i.HAL_PWREx_ControlVoltageScaling)
    i.HAL_PWREx_GetVoltageRange              0x08001494   Section        0  stm32l4xx_hal_pwr_ex.o(i.HAL_PWREx_GetVoltageRange)
    i.HAL_PWR_EnableBkUpAccess               0x080014a4   Section        0  stm32l4xx_hal_pwr.o(i.HAL_PWR_EnableBkUpAccess)
    i.HAL_RCCEx_EnableMSIPLLMode             0x080014b4   Section        0  stm32l4xx_hal_rcc_ex.o(i.HAL_RCCEx_EnableMSIPLLMode)
    i.HAL_RCCEx_PeriphCLKConfig              0x080014c4   Section        0  stm32l4xx_hal_rcc_ex.o(i.HAL_RCCEx_PeriphCLKConfig)
    i.HAL_RCC_ClockConfig                    0x08001750   Section        0  stm32l4xx_hal_rcc.o(i.HAL_RCC_ClockConfig)
    i.HAL_RCC_GetPCLK1Freq                   0x08001870   Section        0  stm32l4xx_hal_rcc.o(i.HAL_RCC_GetPCLK1Freq)
    i.HAL_RCC_GetPCLK2Freq                   0x08001894   Section        0  stm32l4xx_hal_rcc.o(i.HAL_RCC_GetPCLK2Freq)
    i.HAL_RCC_GetSysClockFreq                0x080018b8   Section        0  stm32l4xx_hal_rcc.o(i.HAL_RCC_GetSysClockFreq)
    i.HAL_RCC_OscConfig                      0x0800195c   Section        0  stm32l4xx_hal_rcc.o(i.HAL_RCC_OscConfig)
    i.HAL_SYSTICK_Config                     0x08001ec8   Section        0  stm32l4xx_hal_cortex.o(i.HAL_SYSTICK_Config)
    i.HAL_UARTEx_RxEventCallback             0x08001ef0   Section        0  stm32l4xx_hal_uart.o(i.HAL_UARTEx_RxEventCallback)
    i.HAL_UARTEx_WakeupCallback              0x08001ef2   Section        0  stm32l4xx_hal_uart_ex.o(i.HAL_UARTEx_WakeupCallback)
    i.HAL_UART_ErrorCallback                 0x08001ef4   Section        0  stm32l4xx_hal_uart.o(i.HAL_UART_ErrorCallback)
    i.HAL_UART_IRQHandler                    0x08001ef8   Section        0  stm32l4xx_hal_uart.o(i.HAL_UART_IRQHandler)
    i.HAL_UART_Init                          0x08002134   Section        0  stm32l4xx_hal_uart.o(i.HAL_UART_Init)
    i.HAL_UART_MspInit                       0x0800219c   Section        0  stm32l4xx_hal_msp.o(i.HAL_UART_MspInit)
    i.HAL_UART_Receive                       0x08002210   Section        0  stm32l4xx_hal_uart.o(i.HAL_UART_Receive)
    i.HAL_UART_Transmit                      0x08002310   Section        0  stm32l4xx_hal_uart.o(i.HAL_UART_Transmit)
    i.HAL_UART_TxCpltCallback                0x080023c6   Section        0  stm32l4xx_hal_uart.o(i.HAL_UART_TxCpltCallback)
    i.HardFault_Handler                      0x080023c8   Section        0  stm32l4xx_it.o(i.HardFault_Handler)
    i.I2C_Flush_TXDR                         0x080023ca   Section        0  stm32l4xx_hal_i2c.o(i.I2C_Flush_TXDR)
    I2C_Flush_TXDR                           0x080023cb   Thumb Code    34  stm32l4xx_hal_i2c.o(i.I2C_Flush_TXDR)
    i.I2C_IsAcknowledgeFailed                0x080023ec   Section        0  stm32l4xx_hal_i2c.o(i.I2C_IsAcknowledgeFailed)
    I2C_IsAcknowledgeFailed                  0x080023ed   Thumb Code   128  stm32l4xx_hal_i2c.o(i.I2C_IsAcknowledgeFailed)
    i.I2C_TransferConfig                     0x08002470   Section        0  stm32l4xx_hal_i2c.o(i.I2C_TransferConfig)
    I2C_TransferConfig                       0x08002471   Thumb Code    40  stm32l4xx_hal_i2c.o(i.I2C_TransferConfig)
    i.I2C_WaitOnFlagUntilTimeout             0x0800249c   Section        0  stm32l4xx_hal_i2c.o(i.I2C_WaitOnFlagUntilTimeout)
    I2C_WaitOnFlagUntilTimeout               0x0800249d   Thumb Code    88  stm32l4xx_hal_i2c.o(i.I2C_WaitOnFlagUntilTimeout)
    i.I2C_WaitOnRXNEFlagUntilTimeout         0x080024f4   Section        0  stm32l4xx_hal_i2c.o(i.I2C_WaitOnRXNEFlagUntilTimeout)
    I2C_WaitOnRXNEFlagUntilTimeout           0x080024f5   Thumb Code   128  stm32l4xx_hal_i2c.o(i.I2C_WaitOnRXNEFlagUntilTimeout)
    i.I2C_WaitOnSTOPFlagUntilTimeout         0x08002578   Section        0  stm32l4xx_hal_i2c.o(i.I2C_WaitOnSTOPFlagUntilTimeout)
    I2C_WaitOnSTOPFlagUntilTimeout           0x08002579   Thumb Code    76  stm32l4xx_hal_i2c.o(i.I2C_WaitOnSTOPFlagUntilTimeout)
    i.I2C_WaitOnTXISFlagUntilTimeout         0x080025c4   Section        0  stm32l4xx_hal_i2c.o(i.I2C_WaitOnTXISFlagUntilTimeout)
    I2C_WaitOnTXISFlagUntilTimeout           0x080025c5   Thumb Code    80  stm32l4xx_hal_i2c.o(i.I2C_WaitOnTXISFlagUntilTimeout)
    i.MX_GPIO_Init                           0x08002614   Section        0  main.o(i.MX_GPIO_Init)
    MX_GPIO_Init                             0x08002615   Thumb Code   100  main.o(i.MX_GPIO_Init)
    i.MX_I2C1_Init                           0x08002680   Section        0  main.o(i.MX_I2C1_Init)
    MX_I2C1_Init                             0x08002681   Thumb Code    74  main.o(i.MX_I2C1_Init)
    i.MX_USART1_UART_Init                    0x080026d4   Section        0  main.o(i.MX_USART1_UART_Init)
    MX_USART1_UART_Init                      0x080026d5   Thumb Code    48  main.o(i.MX_USART1_UART_Init)
    i.MemManage_Handler                      0x0800270c   Section        0  stm32l4xx_it.o(i.MemManage_Handler)
    i.NMI_Handler                            0x0800270e   Section        0  stm32l4xx_it.o(i.NMI_Handler)
    i.PendSV_Handler                         0x08002710   Section        0  stm32l4xx_it.o(i.PendSV_Handler)
    i.QueTask                                0x08002714   Section        0  main.o(i.QueTask)
    QueTask                                  0x08002715   Thumb Code    12  main.o(i.QueTask)
    i.RCCEx_PLLSAI1_Config                   0x08002724   Section        0  stm32l4xx_hal_rcc_ex.o(i.RCCEx_PLLSAI1_Config)
    RCCEx_PLLSAI1_Config                     0x08002725   Thumb Code   278  stm32l4xx_hal_rcc_ex.o(i.RCCEx_PLLSAI1_Config)
    i.RCC_SetFlashLatencyFromMSIRange        0x08002850   Section        0  stm32l4xx_hal_rcc.o(i.RCC_SetFlashLatencyFromMSIRange)
    RCC_SetFlashLatencyFromMSIRange          0x08002851   Thumb Code   116  stm32l4xx_hal_rcc.o(i.RCC_SetFlashLatencyFromMSIRange)
    i.ReadThreshold                          0x080028cc   Section        0  main.o(i.ReadThreshold)
    ReadThreshold                            0x080028cd   Thumb Code   154  main.o(i.ReadThreshold)
    i.SVC_Handler                            0x08002984   Section        0  stm32l4xx_it.o(i.SVC_Handler)
    i.SysTick_Handler                        0x08002988   Section        0  stm32l4xx_it.o(i.SysTick_Handler)
    i.SystemClock_Config                     0x080029b8   Section        0  main.o(i.SystemClock_Config)
    i.SystemInit                             0x08002a4c   Section        0  system_stm32l4xx.o(i.SystemInit)
    i.UART_AdvFeatureConfig                  0x08002a88   Section        0  stm32l4xx_hal_uart.o(i.UART_AdvFeatureConfig)
    i.UART_CheckIdleState                    0x08002b50   Section        0  stm32l4xx_hal_uart.o(i.UART_CheckIdleState)
    i.UART_DMAAbortOnError                   0x08002bac   Section        0  stm32l4xx_hal_uart.o(i.UART_DMAAbortOnError)
    UART_DMAAbortOnError                     0x08002bad   Thumb Code    20  stm32l4xx_hal_uart.o(i.UART_DMAAbortOnError)
    i.UART_EndRxTransfer                     0x08002bc0   Section        0  stm32l4xx_hal_uart.o(i.UART_EndRxTransfer)
    UART_EndRxTransfer                       0x08002bc1   Thumb Code    48  stm32l4xx_hal_uart.o(i.UART_EndRxTransfer)
    i.UART_SetConfig                         0x08002bf0   Section        0  stm32l4xx_hal_uart.o(i.UART_SetConfig)
    i.UART_WaitOnFlagUntilTimeout            0x08002dd0   Section        0  stm32l4xx_hal_uart.o(i.UART_WaitOnFlagUntilTimeout)
    i.USART1_IRQHandler                      0x08002e74   Section        0  stm32l4xx_it.o(i.USART1_IRQHandler)
    i.UsageFault_Handler                     0x08002e80   Section        0  stm32l4xx_it.o(i.UsageFault_Handler)
    i.__0printf$bare                         0x08002e84   Section        0  printfb.o(i.__0printf$bare)
    i.__ARM_fpclassify                       0x08002e94   Section        0  fpclassify.o(i.__ARM_fpclassify)
    i.__NVIC_SetPriority                     0x08002ec4   Section        0  stm32l4xx_hal_cortex.o(i.__NVIC_SetPriority)
    __NVIC_SetPriority                       0x08002ec5   Thumb Code    32  stm32l4xx_hal_cortex.o(i.__NVIC_SetPriority)
    i.__hardfp_log                           0x08002ee8   Section        0  log.o(i.__hardfp_log)
    i.__hardfp_log10                         0x080032d0   Section        0  log10.o(i.__hardfp_log10)
    i.__hardfp_pow                           0x08003400   Section        0  pow.o(i.__hardfp_pow)
    i.__kernel_poly                          0x08004080   Section        0  poly.o(i.__kernel_poly)
    i.__mathlib_dbl_divzero                  0x08004178   Section        0  dunder.o(i.__mathlib_dbl_divzero)
    i.__mathlib_dbl_infnan                   0x080041a8   Section        0  dunder.o(i.__mathlib_dbl_infnan)
    i.__mathlib_dbl_infnan2                  0x080041bc   Section        0  dunder.o(i.__mathlib_dbl_infnan2)
    i.__mathlib_dbl_invalid                  0x080041d0   Section        0  dunder.o(i.__mathlib_dbl_invalid)
    i.__mathlib_dbl_overflow                 0x080041f0   Section        0  dunder.o(i.__mathlib_dbl_overflow)
    i.__mathlib_dbl_underflow                0x08004210   Section        0  dunder.o(i.__mathlib_dbl_underflow)
    i.__scatterload_copy                     0x08004230   Section       14  handlers.o(i.__scatterload_copy)
    i.__scatterload_null                     0x0800423e   Section        2  handlers.o(i.__scatterload_null)
    i.__scatterload_zeroinit                 0x08004240   Section       14  handlers.o(i.__scatterload_zeroinit)
    i.__set_errno                            0x08004250   Section        0  errno.o(i.__set_errno)
    i._enqueue                               0x0800425c   Section        0  main.o(i._enqueue)
    i._printf_core                           0x080042dc   Section        0  printfb.o(i._printf_core)
    _printf_core                             0x080042dd   Thumb Code    34  printfb.o(i._printf_core)
    i.compare                                0x080042fe   Section        0  main.o(i.compare)
    i.concat                                 0x0800431c   Section        0  main.o(i.concat)
    i.decrementDelay                         0x08004350   Section        0  main.o(i.decrementDelay)
    i.dequeue                                0x0800437c   Section        0  main.o(i.dequeue)
    i.enqueue                                0x080043ec   Section        0  main.o(i.enqueue)
    i.fabs                                   0x08004410   Section        0  fabs.o(i.fabs)
    i.fputc                                  0x08004428   Section        0  fputc.o(i.fputc)
    i.hexToAscii                             0x0800443a   Section        0  main.o(i.hexToAscii)
    i.log                                    0x08004448   Section        0  log.o(i.log)
    i.main                                   0x08004458   Section        0  main.o(i.main)
    i.malloc                                 0x080044f4   Section        0  malloc.o(i.malloc)
    i.min_heap                               0x08004560   Section        0  main.o(i.min_heap)
    i.pushReady                              0x080045cc   Section        0  main.o(i.pushReady)
    i.que_init                               0x080045f8   Section        0  main.o(i.que_init)
    i.sqrt                                   0x08004630   Section        0  sqrt.o(i.sqrt)
    i.swap                                   0x0800469e   Section        0  main.o(i.swap)
    .constdata                               0x080046b4   Section        8  main.o(.constdata)
    defaultTask                              0x080046b4   Data           8  main.o(.constdata)
    .constdata                               0x080046bc   Section       64  system_stm32l4xx.o(.constdata)
    .constdata                               0x080046fc   Section        8  system_stm32l4xx.o(.constdata)
    .constdata                               0x08004708   Section      136  pow.o(.constdata)
    bp                                       0x08004708   Data          16  pow.o(.constdata)
    dp_h                                     0x08004718   Data          16  pow.o(.constdata)
    dp_l                                     0x08004728   Data          16  pow.o(.constdata)
    L                                        0x08004738   Data          48  pow.o(.constdata)
    P                                        0x08004768   Data          40  pow.o(.constdata)
    .constdata                               0x08004790   Section       56  log.o(.constdata)
    Lg2                                      0x08004790   Data          24  log.o(.constdata)
    Lg                                       0x080047a8   Data          32  log.o(.constdata)
    .constdata                               0x080047c8   Section        8  qnan.o(.constdata)
    .data                                    0x20000000   Section       28  main.o(.data)
    main_que                                 0x2000000c   Data           8  main.o(.data)
    delayed_que                              0x20000014   Data           8  main.o(.data)
    .data                                    0x2000001c   Section        4  stm32l4xx_it.o(.data)
    .data                                    0x20000020   Section       12  stm32l4xx_hal.o(.data)
    .data                                    0x2000002c   Section        4  system_stm32l4xx.o(.data)
    .data                                    0x20000030   Section        4  stdout.o(.data)
    .data                                    0x20000034   Section        4  mvars.o(.data)
    .data                                    0x20000038   Section        4  mvars.o(.data)
    .data                                    0x2000003c   Section        4  errno.o(.data)
    _errno                                   0x2000003c   Data           4  errno.o(.data)
    .bss                                     0x20000040   Section      208  main.o(.bss)
    HEAP                                     0x20000110   Section      512  startup_stm32l432xx.o(HEAP)
    STACK                                    0x20000310   Section     1024  startup_stm32l432xx.o(STACK)

    Global Symbols

    Symbol Name                              Value     Ov Type        Size  Object(Section)

    BuildAttributes$$THM_ISAv4$E$P$D$K$B$S$7EM$VFPi3$EXTD16$VFPS$VFMA$PE$A:L22UL41UL21$X:L11$S22US41US21$IEEE1$IW$USESV6$~STKCKD$USESV7$~SHL$OTIME$ROPI$IEEEX$EBA8$MICROLIB$REQ8$PRES8$EABIv2 0x00000000   Number         0  anon$$obj.o ABSOLUTE
    __ARM_use_no_argv                        0x00000000   Number         0  main.o ABSOLUTE
    __arm_fini_                               - Undefined Weak Reference
    __cpp_initialize__aeabi_                  - Undefined Weak Reference
    __cxa_finalize                            - Undefined Weak Reference
    __decompress                              - Undefined Weak Reference
    _clock_init                               - Undefined Weak Reference
    _microlib_exit                            - Undefined Weak Reference
    __Vectors_Size                           0x0000018c   Number         0  startup_stm32l432xx.o ABSOLUTE
    __Vectors                                0x08000000   Data           4  startup_stm32l432xx.o(RESET)
    __Vectors_End                            0x0800018c   Data           0  startup_stm32l432xx.o(RESET)
    __main                                   0x0800018d   Thumb Code     0  entry.o(.ARM.Collect$$$$00000000)
    _main_stk                                0x0800018d   Thumb Code     0  entry2.o(.ARM.Collect$$$$00000001)
    _main_scatterload                        0x08000191   Thumb Code     0  entry5.o(.ARM.Collect$$$$00000004)
    __main_after_scatterload                 0x08000195   Thumb Code     0  entry5.o(.ARM.Collect$$$$00000004)
    _main_clock                              0x08000195   Thumb Code     0  entry7b.o(.ARM.Collect$$$$00000008)
    _main_cpp_init                           0x08000195   Thumb Code     0  entry8b.o(.ARM.Collect$$$$0000000A)
    _main_init                               0x08000195   Thumb Code     0  entry9a.o(.ARM.Collect$$$$0000000B)
    __rt_lib_shutdown_fini                   0x0800019d   Thumb Code     0  entry12b.o(.ARM.Collect$$$$0000000E)
    __rt_final_cpp                           0x080001a1   Thumb Code     0  entry10a.o(.ARM.Collect$$$$0000000F)
    __rt_final_exit                          0x080001a1   Thumb Code     0  entry11a.o(.ARM.Collect$$$$00000011)
    Reset_Handler                            0x080001a5   Thumb Code     8  startup_stm32l432xx.o(.text)
    ADC1_IRQHandler                          0x080001bf   Thumb Code     0  startup_stm32l432xx.o(.text)
    CAN1_RX0_IRQHandler                      0x080001bf   Thumb Code     0  startup_stm32l432xx.o(.text)
    CAN1_RX1_IRQHandler                      0x080001bf   Thumb Code     0  startup_stm32l432xx.o(.text)
    CAN1_SCE_IRQHandler                      0x080001bf   Thumb Code     0  startup_stm32l432xx.o(.text)
    CAN1_TX_IRQHandler                       0x080001bf   Thumb Code     0  startup_stm32l432xx.o(.text)
    COMP_IRQHandler                          0x080001bf   Thumb Code     0  startup_stm32l432xx.o(.text)
    CRS_IRQHandler                           0x080001bf   Thumb Code     0  startup_stm32l432xx.o(.text)
    DMA1_Channel1_IRQHandler                 0x080001bf   Thumb Code     0  startup_stm32l432xx.o(.text)
    DMA1_Channel2_IRQHandler                 0x080001bf   Thumb Code     0  startup_stm32l432xx.o(.text)
    DMA1_Channel3_IRQHandler                 0x080001bf   Thumb Code     0  startup_stm32l432xx.o(.text)
    DMA1_Channel4_IRQHandler                 0x080001bf   Thumb Code     0  startup_stm32l432xx.o(.text)
    DMA1_Channel5_IRQHandler                 0x080001bf   Thumb Code     0  startup_stm32l432xx.o(.text)
    DMA1_Channel6_IRQHandler                 0x080001bf   Thumb Code     0  startup_stm32l432xx.o(.text)
    DMA1_Channel7_IRQHandler                 0x080001bf   Thumb Code     0  startup_stm32l432xx.o(.text)
    DMA2_Channel1_IRQHandler                 0x080001bf   Thumb Code     0  startup_stm32l432xx.o(.text)
    DMA2_Channel2_IRQHandler                 0x080001bf   Thumb Code     0  startup_stm32l432xx.o(.text)
    DMA2_Channel3_IRQHandler                 0x080001bf   Thumb Code     0  startup_stm32l432xx.o(.text)
    DMA2_Channel4_IRQHandler                 0x080001bf   Thumb Code     0  startup_stm32l432xx.o(.text)
    DMA2_Channel5_IRQHandler                 0x080001bf   Thumb Code     0  startup_stm32l432xx.o(.text)
    DMA2_Channel6_IRQHandler                 0x080001bf   Thumb Code     0  startup_stm32l432xx.o(.text)
    DMA2_Channel7_IRQHandler                 0x080001bf   Thumb Code     0  startup_stm32l432xx.o(.text)
    EXTI0_IRQHandler                         0x080001bf   Thumb Code     0  startup_stm32l432xx.o(.text)
    EXTI15_10_IRQHandler                     0x080001bf   Thumb Code     0  startup_stm32l432xx.o(.text)
    EXTI1_IRQHandler                         0x080001bf   Thumb Code     0  startup_stm32l432xx.o(.text)
    EXTI2_IRQHandler                         0x080001bf   Thumb Code     0  startup_stm32l432xx.o(.text)
    EXTI3_IRQHandler                         0x080001bf   Thumb Code     0  startup_stm32l432xx.o(.text)
    EXTI4_IRQHandler                         0x080001bf   Thumb Code     0  startup_stm32l432xx.o(.text)
    EXTI9_5_IRQHandler                       0x080001bf   Thumb Code     0  startup_stm32l432xx.o(.text)
    FLASH_IRQHandler                         0x080001bf   Thumb Code     0  startup_stm32l432xx.o(.text)
    FPU_IRQHandler                           0x080001bf   Thumb Code     0  startup_stm32l432xx.o(.text)
    I2C1_ER_IRQHandler                       0x080001bf   Thumb Code     0  startup_stm32l432xx.o(.text)
    I2C1_EV_IRQHandler                       0x080001bf   Thumb Code     0  startup_stm32l432xx.o(.text)
    I2C3_ER_IRQHandler                       0x080001bf   Thumb Code     0  startup_stm32l432xx.o(.text)
    I2C3_EV_IRQHandler                       0x080001bf   Thumb Code     0  startup_stm32l432xx.o(.text)
    LPTIM1_IRQHandler                        0x080001bf   Thumb Code     0  startup_stm32l432xx.o(.text)
    LPTIM2_IRQHandler                        0x080001bf   Thumb Code     0  startup_stm32l432xx.o(.text)
    LPUART1_IRQHandler                       0x080001bf   Thumb Code     0  startup_stm32l432xx.o(.text)
    PVD_PVM_IRQHandler                       0x080001bf   Thumb Code     0  startup_stm32l432xx.o(.text)
    QUADSPI_IRQHandler                       0x080001bf   Thumb Code     0  startup_stm32l432xx.o(.text)
    RCC_IRQHandler                           0x080001bf   Thumb Code     0  startup_stm32l432xx.o(.text)
    RNG_IRQHandler                           0x080001bf   Thumb Code     0  startup_stm32l432xx.o(.text)
    RTC_Alarm_IRQHandler                     0x080001bf   Thumb Code     0  startup_stm32l432xx.o(.text)
    RTC_WKUP_IRQHandler                      0x080001bf   Thumb Code     0  startup_stm32l432xx.o(.text)
    SAI1_IRQHandler                          0x080001bf   Thumb Code     0  startup_stm32l432xx.o(.text)
    SPI1_IRQHandler                          0x080001bf   Thumb Code     0  startup_stm32l432xx.o(.text)
    SPI3_IRQHandler                          0x080001bf   Thumb Code     0  startup_stm32l432xx.o(.text)
    SWPMI1_IRQHandler                        0x080001bf   Thumb Code     0  startup_stm32l432xx.o(.text)
    TAMP_STAMP_IRQHandler                    0x080001bf   Thumb Code     0  startup_stm32l432xx.o(.text)
    TIM1_BRK_TIM15_IRQHandler                0x080001bf   Thumb Code     0  startup_stm32l432xx.o(.text)
    TIM1_CC_IRQHandler                       0x080001bf   Thumb Code     0  startup_stm32l432xx.o(.text)
    TIM1_TRG_COM_IRQHandler                  0x080001bf   Thumb Code     0  startup_stm32l432xx.o(.text)
    TIM1_UP_TIM16_IRQHandler                 0x080001bf   Thumb Code     0  startup_stm32l432xx.o(.text)
    TIM2_IRQHandler                          0x080001bf   Thumb Code     0  startup_stm32l432xx.o(.text)
    TIM6_DAC_IRQHandler                      0x080001bf   Thumb Code     0  startup_stm32l432xx.o(.text)
    TIM7_IRQHandler                          0x080001bf   Thumb Code     0  startup_stm32l432xx.o(.text)
    TSC_IRQHandler                           0x080001bf   Thumb Code     0  startup_stm32l432xx.o(.text)
    USART2_IRQHandler                        0x080001bf   Thumb Code     0  startup_stm32l432xx.o(.text)
    USB_IRQHandler                           0x080001bf   Thumb Code     0  startup_stm32l432xx.o(.text)
    WWDG_IRQHandler                          0x080001bf   Thumb Code     0  startup_stm32l432xx.o(.text)
    __aeabi_uldivmod                         0x080001c9   Thumb Code    98  uldiv.o(.text)
    __aeabi_memset                           0x08000231   Thumb Code    14  memseta.o(.text)
    __aeabi_memset4                          0x08000231   Thumb Code     0  memseta.o(.text)
    __aeabi_memset8                          0x08000231   Thumb Code     0  memseta.o(.text)
    __aeabi_memclr                           0x0800023f   Thumb Code     4  memseta.o(.text)
    __aeabi_memclr4                          0x0800023f   Thumb Code     0  memseta.o(.text)
    __aeabi_memclr8                          0x0800023f   Thumb Code     0  memseta.o(.text)
    _memset$wrapper                          0x08000243   Thumb Code    18  memseta.o(.text)
    __aeabi_dadd                             0x08000255   Thumb Code   322  dadd.o(.text)
    __aeabi_dsub                             0x08000397   Thumb Code     6  dadd.o(.text)
    __aeabi_drsub                            0x0800039d   Thumb Code     6  dadd.o(.text)
    __aeabi_dmul                             0x080003b3   Thumb Code   228  dmul.o(.text)
    __aeabi_i2d                              0x0800049d   Thumb Code    34  dflti.o(.text)
    __aeabi_ui2d                             0x080004bf   Thumb Code    26  dfltui.o(.text)
    __aeabi_d2iz                             0x080004d9   Thumb Code    62  dfixi.o(.text)
    __aeabi_d2uiz                            0x08000517   Thumb Code    50  dfixui.o(.text)
    __aeabi_llsl                             0x08000549   Thumb Code    30  llshl.o(.text)
    _ll_shift_l                              0x08000549   Thumb Code     0  llshl.o(.text)
    __aeabi_llsr                             0x08000567   Thumb Code    32  llushr.o(.text)
    _ll_ushift_r                             0x08000567   Thumb Code     0  llushr.o(.text)
    __aeabi_lasr                             0x08000587   Thumb Code    36  llsshr.o(.text)
    _ll_sshift_r                             0x08000587   Thumb Code     0  llsshr.o(.text)
    __I$use$fp                               0x080005ab   Thumb Code     0  iusefp.o(.text)
    _double_round                            0x080005ab   Thumb Code    30  depilogue.o(.text)
    _double_epilogue                         0x080005c9   Thumb Code   156  depilogue.o(.text)
    __aeabi_ddiv                             0x08000665   Thumb Code   222  ddiv.o(.text)
    __ARM_scalbn                             0x08000743   Thumb Code    46  dscalb.o(.text)
    scalbn                                   0x08000743   Thumb Code     0  dscalb.o(.text)
    __aeabi_cdrcmple                         0x08000771   Thumb Code    48  cdrcmple.o(.text)
    __scatterload                            0x080007a1   Thumb Code    28  init.o(.text)
    __scatterload_rt2                        0x080007a1   Thumb Code     0  init.o(.text)
    __I$use$semihosting$fputc                0x080007c5   Thumb Code     0  iusesemip.o(.text)
    __semihosting_library_function           0x080007c5   Thumb Code     0  semi.o(.text)
    _dsqrt                                   0x080007c5   Thumb Code   162  dsqrt.o(.text)
    __aeabi_cdcmpeq                          0x08000869   Thumb Code     0  cdcmple.o(.text)
    __aeabi_cdcmple                          0x08000869   Thumb Code    48  cdcmple.o(.text)
    BusFault_Handler                         0x080008cd   Thumb Code     2  stm32l4xx_it.o(i.BusFault_Handler)
    DebugMon_Handler                         0x080008cf   Thumb Code     2  stm32l4xx_it.o(i.DebugMon_Handler)
    HAL_DMA_Abort                            0x08000b41   Thumb Code    74  stm32l4xx_hal_dma.o(i.HAL_DMA_Abort)
    HAL_DMA_Abort_IT                         0x08000b8b   Thumb Code    78  stm32l4xx_hal_dma.o(i.HAL_DMA_Abort_IT)
    HAL_Delay                                0x08000bd9   Thumb Code    32  stm32l4xx_hal.o(i.HAL_Delay)
    HAL_GPIO_Init                            0x08000bfd   Thumb Code   392  stm32l4xx_hal_gpio.o(i.HAL_GPIO_Init)
    HAL_GPIO_TogglePin                       0x08000d9f   Thumb Code    16  stm32l4xx_hal_gpio.o(i.HAL_GPIO_TogglePin)
    HAL_GPIO_WritePin                        0x08000daf   Thumb Code    10  stm32l4xx_hal_gpio.o(i.HAL_GPIO_WritePin)
    HAL_GetTick                              0x08000db9   Thumb Code     6  stm32l4xx_hal.o(i.HAL_GetTick)
    HAL_I2CEx_ConfigAnalogFilter             0x08000dc5   Thumb Code    86  stm32l4xx_hal_i2c_ex.o(i.HAL_I2CEx_ConfigAnalogFilter)
    HAL_I2CEx_ConfigDigitalFilter            0x08000e1b   Thumb Code    82  stm32l4xx_hal_i2c_ex.o(i.HAL_I2CEx_ConfigDigitalFilter)
    HAL_I2C_Init                             0x08000e6d   Thumb Code   178  stm32l4xx_hal_i2c.o(i.HAL_I2C_Init)
    HAL_I2C_IsDeviceReady                    0x08000f25   Thumb Code   282  stm32l4xx_hal_i2c.o(i.HAL_I2C_IsDeviceReady)
    HAL_I2C_Master_Receive                   0x08001051   Thumb Code   282  stm32l4xx_hal_i2c.o(i.HAL_I2C_Master_Receive)
    HAL_I2C_Master_Transmit                  0x0800117d   Thumb Code   282  stm32l4xx_hal_i2c.o(i.HAL_I2C_Master_Transmit)
    HAL_I2C_MspInit                          0x080012a9   Thumb Code    88  stm32l4xx_hal_msp.o(i.HAL_I2C_MspInit)
    HAL_IncTick                              0x0800130d   Thumb Code    12  stm32l4xx_hal.o(i.HAL_IncTick)
    HAL_Init                                 0x0800131d   Thumb Code    30  stm32l4xx_hal.o(i.HAL_Init)
    HAL_InitTick                             0x0800133d   Thumb Code    58  stm32l4xx_hal.o(i.HAL_InitTick)
    HAL_MspInit                              0x08001381   Thumb Code    38  stm32l4xx_hal_msp.o(i.HAL_MspInit)
    HAL_NVIC_EnableIRQ                       0x080013ad   Thumb Code    26  stm32l4xx_hal_cortex.o(i.HAL_NVIC_EnableIRQ)
    HAL_NVIC_SetPriority                     0x080013c9   Thumb Code    60  stm32l4xx_hal_cortex.o(i.HAL_NVIC_SetPriority)
    HAL_NVIC_SetPriorityGrouping             0x08001409   Thumb Code    26  stm32l4xx_hal_cortex.o(i.HAL_NVIC_SetPriorityGrouping)
    HAL_PWREx_ControlVoltageScaling          0x0800142d   Thumb Code    90  stm32l4xx_hal_pwr_ex.o(i.HAL_PWREx_ControlVoltageScaling)
    HAL_PWREx_GetVoltageRange                0x08001495   Thumb Code    10  stm32l4xx_hal_pwr_ex.o(i.HAL_PWREx_GetVoltageRange)
    HAL_PWR_EnableBkUpAccess                 0x080014a5   Thumb Code    12  stm32l4xx_hal_pwr.o(i.HAL_PWR_EnableBkUpAccess)
    HAL_RCCEx_EnableMSIPLLMode               0x080014b5   Thumb Code    12  stm32l4xx_hal_rcc_ex.o(i.HAL_RCCEx_EnableMSIPLLMode)
    HAL_RCCEx_PeriphCLKConfig                0x080014c5   Thumb Code   634  stm32l4xx_hal_rcc_ex.o(i.HAL_RCCEx_PeriphCLKConfig)
    HAL_RCC_ClockConfig                      0x08001751   Thumb Code   266  stm32l4xx_hal_rcc.o(i.HAL_RCC_ClockConfig)
    HAL_RCC_GetPCLK1Freq                     0x08001871   Thumb Code    24  stm32l4xx_hal_rcc.o(i.HAL_RCC_GetPCLK1Freq)
    HAL_RCC_GetPCLK2Freq                     0x08001895   Thumb Code    24  stm32l4xx_hal_rcc.o(i.HAL_RCC_GetPCLK2Freq)
    HAL_RCC_GetSysClockFreq                  0x080018b9   Thumb Code   150  stm32l4xx_hal_rcc.o(i.HAL_RCC_GetSysClockFreq)
    HAL_RCC_OscConfig                        0x0800195d   Thumb Code  1382  stm32l4xx_hal_rcc.o(i.HAL_RCC_OscConfig)
    HAL_SYSTICK_Config                       0x08001ec9   Thumb Code    40  stm32l4xx_hal_cortex.o(i.HAL_SYSTICK_Config)
    HAL_UARTEx_RxEventCallback               0x08001ef1   Thumb Code     2  stm32l4xx_hal_uart.o(i.HAL_UARTEx_RxEventCallback)
    HAL_UARTEx_WakeupCallback                0x08001ef3   Thumb Code     2  stm32l4xx_hal_uart_ex.o(i.HAL_UARTEx_WakeupCallback)
    HAL_UART_ErrorCallback                   0x08001ef5   Thumb Code     2  stm32l4xx_hal_uart.o(i.HAL_UART_ErrorCallback)
    HAL_UART_IRQHandler                      0x08001ef9   Thumb Code   562  stm32l4xx_hal_uart.o(i.HAL_UART_IRQHandler)
    HAL_UART_Init                            0x08002135   Thumb Code   102  stm32l4xx_hal_uart.o(i.HAL_UART_Init)
    HAL_UART_MspInit                         0x0800219d   Thumb Code   108  stm32l4xx_hal_msp.o(i.HAL_UART_MspInit)
    HAL_UART_Receive                         0x08002211   Thumb Code   248  stm32l4xx_hal_uart.o(i.HAL_UART_Receive)
    HAL_UART_Transmit                        0x08002311   Thumb Code   182  stm32l4xx_hal_uart.o(i.HAL_UART_Transmit)
    HAL_UART_TxCpltCallback                  0x080023c7   Thumb Code     2  stm32l4xx_hal_uart.o(i.HAL_UART_TxCpltCallback)
    HardFault_Handler                        0x080023c9   Thumb Code     2  stm32l4xx_it.o(i.HardFault_Handler)
    MemManage_Handler                        0x0800270d   Thumb Code     2  stm32l4xx_it.o(i.MemManage_Handler)
    NMI_Handler                              0x0800270f   Thumb Code     2  stm32l4xx_it.o(i.NMI_Handler)
    PendSV_Handler                           0x08002711   Thumb Code     2  stm32l4xx_it.o(i.PendSV_Handler)
    SVC_Handler                              0x08002985   Thumb Code     2  stm32l4xx_it.o(i.SVC_Handler)
    SysTick_Handler                          0x08002989   Thumb Code    34  stm32l4xx_it.o(i.SysTick_Handler)
    SystemClock_Config                       0x080029b9   Thumb Code   144  main.o(i.SystemClock_Config)
    SystemInit                               0x08002a4d   Thumb Code    48  system_stm32l4xx.o(i.SystemInit)
    UART_AdvFeatureConfig                    0x08002a89   Thumb Code   200  stm32l4xx_hal_uart.o(i.UART_AdvFeatureConfig)
    UART_CheckIdleState                      0x08002b51   Thumb Code    92  stm32l4xx_hal_uart.o(i.UART_CheckIdleState)
    UART_SetConfig                           0x08002bf1   Thumb Code   450  stm32l4xx_hal_uart.o(i.UART_SetConfig)
    UART_WaitOnFlagUntilTimeout              0x08002dd1   Thumb Code   164  stm32l4xx_hal_uart.o(i.UART_WaitOnFlagUntilTimeout)
    USART1_IRQHandler                        0x08002e75   Thumb Code     6  stm32l4xx_it.o(i.USART1_IRQHandler)
    UsageFault_Handler                       0x08002e81   Thumb Code     2  stm32l4xx_it.o(i.UsageFault_Handler)
    __0printf$bare                           0x08002e85   Thumb Code     8  printfb.o(i.__0printf$bare)
    __1printf$bare                           0x08002e85   Thumb Code     0  printfb.o(i.__0printf$bare)
    __2printf                                0x08002e85   Thumb Code     0  printfb.o(i.__0printf$bare)
    __ARM_fpclassify                         0x08002e95   Thumb Code    48  fpclassify.o(i.__ARM_fpclassify)
    __hardfp_log                             0x08002ee9   Thumb Code   872  log.o(i.__hardfp_log)
    __hardfp_log10                           0x080032d1   Thumb Code   260  log10.o(i.__hardfp_log10)
    __hardfp_pow                             0x08003401   Thumb Code  3072  pow.o(i.__hardfp_pow)
    __kernel_poly                            0x08004081   Thumb Code   248  poly.o(i.__kernel_poly)
    __mathlib_dbl_divzero                    0x08004179   Thumb Code    28  dunder.o(i.__mathlib_dbl_divzero)
    __mathlib_dbl_infnan                     0x080041a9   Thumb Code    20  dunder.o(i.__mathlib_dbl_infnan)
    __mathlib_dbl_infnan2                    0x080041bd   Thumb Code    20  dunder.o(i.__mathlib_dbl_infnan2)
    __mathlib_dbl_invalid                    0x080041d1   Thumb Code    24  dunder.o(i.__mathlib_dbl_invalid)
    __mathlib_dbl_overflow                   0x080041f1   Thumb Code    24  dunder.o(i.__mathlib_dbl_overflow)
    __mathlib_dbl_underflow                  0x08004211   Thumb Code    24  dunder.o(i.__mathlib_dbl_underflow)
    __scatterload_copy                       0x08004231   Thumb Code    14  handlers.o(i.__scatterload_copy)
    __scatterload_null                       0x0800423f   Thumb Code     2  handlers.o(i.__scatterload_null)
    __scatterload_zeroinit                   0x08004241   Thumb Code    14  handlers.o(i.__scatterload_zeroinit)
    __set_errno                              0x08004251   Thumb Code     6  errno.o(i.__set_errno)
    _enqueue                                 0x0800425d   Thumb Code   102  main.o(i._enqueue)
    compare                                  0x080042ff   Thumb Code    28  main.o(i.compare)
    concat                                   0x0800431d   Thumb Code    46  main.o(i.concat)
    decrementDelay                           0x08004351   Thumb Code    42  main.o(i.decrementDelay)
    dequeue                                  0x0800437d   Thumb Code    70  main.o(i.dequeue)
    enqueue                                  0x080043ed   Thumb Code    36  main.o(i.enqueue)
    fabs                                     0x08004411   Thumb Code    24  fabs.o(i.fabs)
    fputc                                    0x08004429   Thumb Code    18  fputc.o(i.fputc)
    hexToAscii                               0x0800443b   Thumb Code    14  main.o(i.hexToAscii)
    log                                      0x08004449   Thumb Code    16  log.o(i.log)
    main                                     0x08004459   Thumb Code   130  main.o(i.main)
    malloc                                   0x080044f5   Thumb Code    92  malloc.o(i.malloc)
    min_heap                                 0x08004561   Thumb Code   108  main.o(i.min_heap)
    pushReady                                0x080045cd   Thumb Code    42  main.o(i.pushReady)
    que_init                                 0x080045f9   Thumb Code    50  main.o(i.que_init)
    sqrt                                     0x08004631   Thumb Code   110  sqrt.o(i.sqrt)
    swap                                     0x0800469f   Thumb Code    20  main.o(i.swap)
    AHBPrescTable                            0x080046bc   Data          16  system_stm32l4xx.o(.constdata)
    MSIRangeTable                            0x080046cc   Data          48  system_stm32l4xx.o(.constdata)
    APBPrescTable                            0x080046fc   Data           8  system_stm32l4xx.o(.constdata)
    __mathlib_zero                           0x080047c8   Data           8  qnan.o(.constdata)
    Region$$Table$$Base                      0x080047d0   Number         0  anon$$obj.o(Region$$Table)
    Region$$Table$$Limit                     0x080047f0   Number         0  anon$$obj.o(Region$$Table)
    timerFlag                                0x20000000   Data           1  main.o(.data)
    ticks                                    0x20000002   Data           2  main.o(.data)
    h                                        0x20000004   Data           2  main.o(.data)
    thr                                      0x20000008   Data           4  main.o(.data)
    c                                        0x2000001c   Data           4  stm32l4xx_it.o(.data)
    uwTickFreq                               0x20000020   Data           1  stm32l4xx_hal.o(.data)
    uwTickPrio                               0x20000024   Data           4  stm32l4xx_hal.o(.data)
    uwTick                                   0x20000028   Data           4  stm32l4xx_hal.o(.data)
    SystemCoreClock                          0x2000002c   Data           4  system_stm32l4xx.o(.data)
    __stdout                                 0x20000030   Data           4  stdout.o(.data)
    __microlib_freelist                      0x20000034   Data           4  mvars.o(.data)
    __microlib_freelist_initialised          0x20000038   Data           4  mvars.o(.data)
    hi2c1                                    0x20000040   Data          76  main.o(.bss)
    huart1                                   0x2000008c   Data         132  main.o(.bss)
    __heap_base                              0x20000110   Data           0  startup_stm32l432xx.o(HEAP)
    __heap_limit                             0x20000310   Data           0  startup_stm32l432xx.o(HEAP)
    __initial_sp                             0x20000710   Data           0  startup_stm32l432xx.o(STACK)



==============================================================================

Memory Map of the image

  Image Entry point : 0x0800018d

  Load Region LR_IROM1 (Base: 0x08000000, Size: 0x00004830, Max: 0x00040000, ABSOLUTE)

    Execution Region ER_IROM1 (Exec base: 0x08000000, Load base: 0x08000000, Size: 0x000047f0, Max: 0x00040000, ABSOLUTE)

    Exec Addr    Load Addr    Size         Type   Attr      Idx    E Section Name        Object

    0x08000000   0x08000000   0x0000018c   Data   RO            3    RESET               startup_stm32l432xx.o
    0x0800018c   0x0800018c   0x00000000   Code   RO         2898  * .ARM.Collect$$$$00000000  mc_w.l(entry.o)
    0x0800018c   0x0800018c   0x00000004   Code   RO         3256    .ARM.Collect$$$$00000001  mc_w.l(entry2.o)
    0x08000190   0x08000190   0x00000004   Code   RO         3259    .ARM.Collect$$$$00000004  mc_w.l(entry5.o)
    0x08000194   0x08000194   0x00000000   Code   RO         3261    .ARM.Collect$$$$00000008  mc_w.l(entry7b.o)
    0x08000194   0x08000194   0x00000000   Code   RO         3263    .ARM.Collect$$$$0000000A  mc_w.l(entry8b.o)
    0x08000194   0x08000194   0x00000008   Code   RO         3264    .ARM.Collect$$$$0000000B  mc_w.l(entry9a.o)
    0x0800019c   0x0800019c   0x00000004   Code   RO         3271    .ARM.Collect$$$$0000000E  mc_w.l(entry12b.o)
    0x080001a0   0x080001a0   0x00000000   Code   RO         3266    .ARM.Collect$$$$0000000F  mc_w.l(entry10a.o)
    0x080001a0   0x080001a0   0x00000000   Code   RO         3268    .ARM.Collect$$$$00000011  mc_w.l(entry11a.o)
    0x080001a0   0x080001a0   0x00000004   Code   RO         3257    .ARM.Collect$$$$00002712  mc_w.l(entry2.o)
    0x080001a4   0x080001a4   0x00000024   Code   RO            4    .text               startup_stm32l432xx.o
    0x080001c8   0x080001c8   0x00000068   Code   RO         2901    .text               mc_w.l(uldiv.o)
    0x08000230   0x08000230   0x00000024   Code   RO         2903    .text               mc_w.l(memseta.o)
    0x08000254   0x08000254   0x0000015e   Code   RO         3193    .text               mf_w.l(dadd.o)
    0x080003b2   0x080003b2   0x000000ea   Code   RO         3195    .text               mf_w.l(dmul.o)
    0x0800049c   0x0800049c   0x00000022   Code   RO         3197    .text               mf_w.l(dflti.o)
    0x080004be   0x080004be   0x0000001a   Code   RO         3199    .text               mf_w.l(dfltui.o)
    0x080004d8   0x080004d8   0x0000003e   Code   RO         3201    .text               mf_w.l(dfixi.o)
    0x08000516   0x08000516   0x00000032   Code   RO         3203    .text               mf_w.l(dfixui.o)
    0x08000548   0x08000548   0x0000001e   Code   RO         3277    .text               mc_w.l(llshl.o)
    0x08000566   0x08000566   0x00000020   Code   RO         3279    .text               mc_w.l(llushr.o)
    0x08000586   0x08000586   0x00000024   Code   RO         3281    .text               mc_w.l(llsshr.o)
    0x080005aa   0x080005aa   0x00000000   Code   RO         3296    .text               mc_w.l(iusefp.o)
    0x080005aa   0x080005aa   0x000000ba   Code   RO         3297    .text               mf_w.l(depilogue.o)
    0x08000664   0x08000664   0x000000de   Code   RO         3299    .text               mf_w.l(ddiv.o)
    0x08000742   0x08000742   0x0000002e   Code   RO         3303    .text               mf_w.l(dscalb.o)
    0x08000770   0x08000770   0x00000030   Code   RO         3307    .text               mf_w.l(cdrcmple.o)
    0x080007a0   0x080007a0   0x00000024   Code   RO         3309    .text               mc_w.l(init.o)
    0x080007c4   0x080007c4   0x00000000   Code   RO         3311    .text               mc_w.l(semi.o)
    0x080007c4   0x080007c4   0x00000000   Code   RO         3312    .text               mc_w.l(iusesemip.o)
    0x080007c4   0x080007c4   0x000000a2   Code   RO         3313    .text               mf_w.l(dsqrt.o)
    0x08000866   0x08000866   0x00000002   PAD
    0x08000868   0x08000868   0x00000030   Code   RO         3315    .text               mf_w.l(cdcmple.o)
    0x08000898   0x08000898   0x00000034   Code   RO           13    i.BlinkingLED       main.o
    0x080008cc   0x080008cc   0x00000002   Code   RO          263    i.BusFault_Handler  stm32l4xx_it.o
    0x080008ce   0x080008ce   0x00000002   Code   RO          264    i.DebugMon_Handler  stm32l4xx_it.o
    0x080008d0   0x080008d0   0x00000270   Code   RO           15    i.GettingTemperature  main.o
    0x08000b40   0x08000b40   0x0000004a   Code   RO         1670    i.HAL_DMA_Abort     stm32l4xx_hal_dma.o
    0x08000b8a   0x08000b8a   0x0000004e   Code   RO         1671    i.HAL_DMA_Abort_IT  stm32l4xx_hal_dma.o
    0x08000bd8   0x08000bd8   0x00000024   Code   RO          919    i.HAL_Delay         stm32l4xx_hal.o
    0x08000bfc   0x08000bfc   0x000001a2   Code   RO         1606    i.HAL_GPIO_Init     stm32l4xx_hal_gpio.o
    0x08000d9e   0x08000d9e   0x00000010   Code   RO         1609    i.HAL_GPIO_TogglePin  stm32l4xx_hal_gpio.o
    0x08000dae   0x08000dae   0x0000000a   Code   RO         1610    i.HAL_GPIO_WritePin  stm32l4xx_hal_gpio.o
    0x08000db8   0x08000db8   0x0000000c   Code   RO          923    i.HAL_GetTick       stm32l4xx_hal.o
    0x08000dc4   0x08000dc4   0x00000056   Code   RO          858    i.HAL_I2CEx_ConfigAnalogFilter  stm32l4xx_hal_i2c_ex.o
    0x08000e1a   0x08000e1a   0x00000052   Code   RO          859    i.HAL_I2CEx_ConfigDigitalFilter  stm32l4xx_hal_i2c_ex.o
    0x08000e6c   0x08000e6c   0x000000b8   Code   RO          407    i.HAL_I2C_Init      stm32l4xx_hal_i2c.o
    0x08000f24   0x08000f24   0x0000012a   Code   RO          408    i.HAL_I2C_IsDeviceReady  stm32l4xx_hal_i2c.o
    0x0800104e   0x0800104e   0x00000002   PAD
    0x08001050   0x08001050   0x0000012a   Code   RO          413    i.HAL_I2C_Master_Receive  stm32l4xx_hal_i2c.o
    0x0800117a   0x0800117a   0x00000002   PAD
    0x0800117c   0x0800117c   0x0000012a   Code   RO          420    i.HAL_I2C_Master_Transmit  stm32l4xx_hal_i2c.o
    0x080012a6   0x080012a6   0x00000002   PAD
    0x080012a8   0x080012a8   0x00000064   Code   RO          349    i.HAL_I2C_MspInit   stm32l4xx_hal_msp.o
    0x0800130c   0x0800130c   0x00000010   Code   RO          929    i.HAL_IncTick       stm32l4xx_hal.o
    0x0800131c   0x0800131c   0x0000001e   Code   RO          930    i.HAL_Init          stm32l4xx_hal.o
    0x0800133a   0x0800133a   0x00000002   PAD
    0x0800133c   0x0800133c   0x00000044   Code   RO          931    i.HAL_InitTick      stm32l4xx_hal.o
    0x08001380   0x08001380   0x0000002c   Code   RO          350    i.HAL_MspInit       stm32l4xx_hal_msp.o
    0x080013ac   0x080013ac   0x0000001a   Code   RO         2123    i.HAL_NVIC_EnableIRQ  stm32l4xx_hal_cortex.o
    0x080013c6   0x080013c6   0x00000002   PAD
    0x080013c8   0x080013c8   0x00000040   Code   RO         2129    i.HAL_NVIC_SetPriority  stm32l4xx_hal_cortex.o
    0x08001408   0x08001408   0x00000024   Code   RO         2130    i.HAL_NVIC_SetPriorityGrouping  stm32l4xx_hal_cortex.o
    0x0800142c   0x0800142c   0x00000068   Code   RO         1897    i.HAL_PWREx_ControlVoltageScaling  stm32l4xx_hal_pwr_ex.o
    0x08001494   0x08001494   0x00000010   Code   RO         1924    i.HAL_PWREx_GetVoltageRange  stm32l4xx_hal_pwr_ex.o
    0x080014a4   0x080014a4   0x00000010   Code   RO         1789    i.HAL_PWR_EnableBkUpAccess  stm32l4xx_hal_pwr.o
    0x080014b4   0x080014b4   0x00000010   Code   RO         1233    i.HAL_RCCEx_EnableMSIPLLMode  stm32l4xx_hal_rcc_ex.o
    0x080014c4   0x080014c4   0x0000028a   Code   RO         1239    i.HAL_RCCEx_PeriphCLKConfig  stm32l4xx_hal_rcc_ex.o
    0x0800174e   0x0800174e   0x00000002   PAD
    0x08001750   0x08001750   0x00000120   Code   RO         1117    i.HAL_RCC_ClockConfig  stm32l4xx_hal_rcc.o
    0x08001870   0x08001870   0x00000024   Code   RO         1123    i.HAL_RCC_GetPCLK1Freq  stm32l4xx_hal_rcc.o
    0x08001894   0x08001894   0x00000024   Code   RO         1124    i.HAL_RCC_GetPCLK2Freq  stm32l4xx_hal_rcc.o
    0x080018b8   0x080018b8   0x000000a4   Code   RO         1125    i.HAL_RCC_GetSysClockFreq  stm32l4xx_hal_rcc.o
    0x0800195c   0x0800195c   0x0000056c   Code   RO         1128    i.HAL_RCC_OscConfig  stm32l4xx_hal_rcc.o
    0x08001ec8   0x08001ec8   0x00000028   Code   RO         2134    i.HAL_SYSTICK_Config  stm32l4xx_hal_cortex.o
    0x08001ef0   0x08001ef0   0x00000002   Code   RO         2370    i.HAL_UARTEx_RxEventCallback  stm32l4xx_hal_uart.o
    0x08001ef2   0x08001ef2   0x00000002   Code   RO         2763    i.HAL_UARTEx_WakeupCallback  stm32l4xx_hal_uart_ex.o
    0x08001ef4   0x08001ef4   0x00000002   Code   RO         2386    i.HAL_UART_ErrorCallback  stm32l4xx_hal_uart.o
    0x08001ef6   0x08001ef6   0x00000002   PAD
    0x08001ef8   0x08001ef8   0x0000023c   Code   RO         2389    i.HAL_UART_IRQHandler  stm32l4xx_hal_uart.o
    0x08002134   0x08002134   0x00000066   Code   RO         2390    i.HAL_UART_Init     stm32l4xx_hal_uart.o
    0x0800219a   0x0800219a   0x00000002   PAD
    0x0800219c   0x0800219c   0x00000074   Code   RO          352    i.HAL_UART_MspInit  stm32l4xx_hal_msp.o
    0x08002210   0x08002210   0x000000fe   Code   RO         2393    i.HAL_UART_Receive  stm32l4xx_hal_uart.o
    0x0800230e   0x0800230e   0x00000002   PAD
    0x08002310   0x08002310   0x000000b6   Code   RO         2399    i.HAL_UART_Transmit  stm32l4xx_hal_uart.o
    0x080023c6   0x080023c6   0x00000002   Code   RO         2402    i.HAL_UART_TxCpltCallback  stm32l4xx_hal_uart.o
    0x080023c8   0x080023c8   0x00000002   Code   RO          265    i.HardFault_Handler  stm32l4xx_it.o
    0x080023ca   0x080023ca   0x00000022   Code   RO          454    i.I2C_Flush_TXDR    stm32l4xx_hal_i2c.o
    0x080023ec   0x080023ec   0x00000084   Code   RO          462    i.I2C_IsAcknowledgeFailed  stm32l4xx_hal_i2c.o
    0x08002470   0x08002470   0x0000002c   Code   RO          469    i.I2C_TransferConfig  stm32l4xx_hal_i2c.o
    0x0800249c   0x0800249c   0x00000058   Code   RO          471    i.I2C_WaitOnFlagUntilTimeout  stm32l4xx_hal_i2c.o
    0x080024f4   0x080024f4   0x00000084   Code   RO          472    i.I2C_WaitOnRXNEFlagUntilTimeout  stm32l4xx_hal_i2c.o
    0x08002578   0x08002578   0x0000004c   Code   RO          473    i.I2C_WaitOnSTOPFlagUntilTimeout  stm32l4xx_hal_i2c.o
    0x080025c4   0x080025c4   0x00000050   Code   RO          474    i.I2C_WaitOnTXISFlagUntilTimeout  stm32l4xx_hal_i2c.o
    0x08002614   0x08002614   0x0000006c   Code   RO           16    i.MX_GPIO_Init      main.o
    0x08002680   0x08002680   0x00000054   Code   RO           17    i.MX_I2C1_Init      main.o
    0x080026d4   0x080026d4   0x00000038   Code   RO           18    i.MX_USART1_UART_Init  main.o
    0x0800270c   0x0800270c   0x00000002   Code   RO          266    i.MemManage_Handler  stm32l4xx_it.o
    0x0800270e   0x0800270e   0x00000002   Code   RO          267    i.NMI_Handler       stm32l4xx_it.o
    0x08002710   0x08002710   0x00000002   Code   RO          268    i.PendSV_Handler    stm32l4xx_it.o
    0x08002712   0x08002712   0x00000002   PAD
    0x08002714   0x08002714   0x00000010   Code   RO           19    i.QueTask           main.o
    0x08002724   0x08002724   0x0000012c   Code   RO         1243    i.RCCEx_PLLSAI1_Config  stm32l4xx_hal_rcc_ex.o
    0x08002850   0x08002850   0x0000007c   Code   RO         1129    i.RCC_SetFlashLatencyFromMSIRange  stm32l4xx_hal_rcc.o
    0x080028cc   0x080028cc   0x000000b8   Code   RO           20    i.ReadThreshold     main.o
    0x08002984   0x08002984   0x00000002   Code   RO          269    i.SVC_Handler       stm32l4xx_it.o
    0x08002986   0x08002986   0x00000002   PAD
    0x08002988   0x08002988   0x00000030   Code   RO          270    i.SysTick_Handler   stm32l4xx_it.o
    0x080029b8   0x080029b8   0x00000094   Code   RO           21    i.SystemClock_Config  main.o
    0x08002a4c   0x08002a4c   0x0000003c   Code   RO         2838    i.SystemInit        system_stm32l4xx.o
    0x08002a88   0x08002a88   0x000000c8   Code   RO         2404    i.UART_AdvFeatureConfig  stm32l4xx_hal_uart.o
    0x08002b50   0x08002b50   0x0000005c   Code   RO         2405    i.UART_CheckIdleState  stm32l4xx_hal_uart.o
    0x08002bac   0x08002bac   0x00000014   Code   RO         2406    i.UART_DMAAbortOnError  stm32l4xx_hal_uart.o
    0x08002bc0   0x08002bc0   0x00000030   Code   RO         2416    i.UART_EndRxTransfer  stm32l4xx_hal_uart.o
    0x08002bf0   0x08002bf0   0x000001e0   Code   RO         2420    i.UART_SetConfig    stm32l4xx_hal_uart.o
    0x08002dd0   0x08002dd0   0x000000a4   Code   RO         2425    i.UART_WaitOnFlagUntilTimeout  stm32l4xx_hal_uart.o
    0x08002e74   0x08002e74   0x0000000c   Code   RO          271    i.USART1_IRQHandler  stm32l4xx_it.o
    0x08002e80   0x08002e80   0x00000002   Code   RO          272    i.UsageFault_Handler  stm32l4xx_it.o
    0x08002e82   0x08002e82   0x00000002   PAD
    0x08002e84   0x08002e84   0x00000010   Code   RO         2906    i.__0printf$bare    mc_w.l(printfb.o)
    0x08002e94   0x08002e94   0x00000030   Code   RO         3225    i.__ARM_fpclassify  m_wm.l(fpclassify.o)
    0x08002ec4   0x08002ec4   0x00000020   Code   RO         2136    i.__NVIC_SetPriority  stm32l4xx_hal_cortex.o
    0x08002ee4   0x08002ee4   0x00000004   PAD
    0x08002ee8   0x08002ee8   0x000003e8   Code   RO         3227    i.__hardfp_log      m_wm.l(log.o)
    0x080032d0   0x080032d0   0x00000130   Code   RO         2872    i.__hardfp_log10    m_wm.l(log10.o)
    0x08003400   0x08003400   0x00000c80   Code   RO         2884    i.__hardfp_pow      m_wm.l(pow.o)
    0x08004080   0x08004080   0x000000f8   Code   RO         3241    i.__kernel_poly     m_wm.l(poly.o)
    0x08004178   0x08004178   0x00000030   Code   RO         3205    i.__mathlib_dbl_divzero  m_wm.l(dunder.o)
    0x080041a8   0x080041a8   0x00000014   Code   RO         3206    i.__mathlib_dbl_infnan  m_wm.l(dunder.o)
    0x080041bc   0x080041bc   0x00000014   Code   RO         3207    i.__mathlib_dbl_infnan2  m_wm.l(dunder.o)
    0x080041d0   0x080041d0   0x00000020   Code   RO         3208    i.__mathlib_dbl_invalid  m_wm.l(dunder.o)
    0x080041f0   0x080041f0   0x00000020   Code   RO         3209    i.__mathlib_dbl_overflow  m_wm.l(dunder.o)
    0x08004210   0x08004210   0x00000020   Code   RO         3211    i.__mathlib_dbl_underflow  m_wm.l(dunder.o)
    0x08004230   0x08004230   0x0000000e   Code   RO         3319    i.__scatterload_copy  mc_w.l(handlers.o)
    0x0800423e   0x0800423e   0x00000002   Code   RO         3320    i.__scatterload_null  mc_w.l(handlers.o)
    0x08004240   0x08004240   0x0000000e   Code   RO         3321    i.__scatterload_zeroinit  mc_w.l(handlers.o)
    0x0800424e   0x0800424e   0x00000002   PAD
    0x08004250   0x08004250   0x0000000c   Code   RO         3291    i.__set_errno       mc_w.l(errno.o)
    0x0800425c   0x0800425c   0x00000080   Code   RO           22    i._enqueue          main.o
    0x080042dc   0x080042dc   0x00000022   Code   RO         2913    i._printf_core      mc_w.l(printfb.o)
    0x080042fe   0x080042fe   0x0000001c   Code   RO           23    i.compare           main.o
    0x0800431a   0x0800431a   0x00000002   PAD
    0x0800431c   0x0800431c   0x00000034   Code   RO           24    i.concat            main.o
    0x08004350   0x08004350   0x0000002a   Code   RO           25    i.decrementDelay    main.o
    0x0800437a   0x0800437a   0x00000002   PAD
    0x0800437c   0x0800437c   0x00000070   Code   RO           26    i.dequeue           main.o
    0x080043ec   0x080043ec   0x00000024   Code   RO           27    i.enqueue           main.o
    0x08004410   0x08004410   0x00000018   Code   RO         3221    i.fabs              m_wm.l(fabs.o)
    0x08004428   0x08004428   0x00000012   Code   RO         3272    i.fputc             mc_w.l(fputc.o)
    0x0800443a   0x0800443a   0x0000000e   Code   RO           28    i.hexToAscii        main.o
    0x08004448   0x08004448   0x00000010   Code   RO         3229    i.log               m_wm.l(log.o)
    0x08004458   0x08004458   0x0000009c   Code   RO           29    i.main              main.o
    0x080044f4   0x080044f4   0x0000006c   Code   RO         3166    i.malloc            mc_w.l(malloc.o)
    0x08004560   0x08004560   0x0000006c   Code   RO           30    i.min_heap          main.o
    0x080045cc   0x080045cc   0x0000002a   Code   RO           31    i.pushReady         main.o
    0x080045f6   0x080045f6   0x00000002   PAD
    0x080045f8   0x080045f8   0x00000038   Code   RO           32    i.que_init          main.o
    0x08004630   0x08004630   0x0000006e   Code   RO         3246    i.sqrt              m_wm.l(sqrt.o)
    0x0800469e   0x0800469e   0x00000014   Code   RO           33    i.swap              main.o
    0x080046b2   0x080046b2   0x00000002   PAD
    0x080046b4   0x080046b4   0x00000008   Data   RO           35    .constdata          main.o
    0x080046bc   0x080046bc   0x00000040   Data   RO         2839    .constdata          system_stm32l4xx.o
    0x080046fc   0x080046fc   0x00000008   Data   RO         2840    .constdata          system_stm32l4xx.o
    0x08004704   0x08004704   0x00000004   PAD
    0x08004708   0x08004708   0x00000088   Data   RO         2887    .constdata          m_wm.l(pow.o)
    0x08004790   0x08004790   0x00000038   Data   RO         3230    .constdata          m_wm.l(log.o)
    0x080047c8   0x080047c8   0x00000008   Data   RO         3243    .constdata          m_wm.l(qnan.o)
    0x080047d0   0x080047d0   0x00000020   Data   RO         3317    Region$$Table       anon$$obj.o


    Execution Region RW_IRAM1 (Exec base: 0x20000000, Load base: 0x080047f0, Size: 0x00000710, Max: 0x00010000, ABSOLUTE)

    Exec Addr    Load Addr    Size         Type   Attr      Idx    E Section Name        Object

    0x20000000   0x080047f0   0x0000001c   Data   RW           36    .data               main.o
    0x2000001c   0x0800480c   0x00000004   Data   RW          273    .data               stm32l4xx_it.o
    0x20000020   0x08004810   0x0000000c   Data   RW          942    .data               stm32l4xx_hal.o
    0x2000002c   0x0800481c   0x00000004   Data   RW         2841    .data               system_stm32l4xx.o
    0x20000030   0x08004820   0x00000004   Data   RW         3274    .data               mc_w.l(stdout.o)
    0x20000034   0x08004824   0x00000004   Data   RW         3287    .data               mc_w.l(mvars.o)
    0x20000038   0x08004828   0x00000004   Data   RW         3288    .data               mc_w.l(mvars.o)
    0x2000003c   0x0800482c   0x00000004   Data   RW         3292    .data               mc_w.l(errno.o)
    0x20000040        -       0x000000d0   Zero   RW           34    .bss                main.o
    0x20000110        -       0x00000200   Zero   RW            2    HEAP                startup_stm32l432xx.o
    0x20000310        -       0x00000400   Zero   RW            1    STACK               startup_stm32l432xx.o


==============================================================================

Image component sizes


      Code (inc. data)   RO Data    RW Data    ZI Data      Debug   Object Name

      2066        234          8         28        208     641621   main.o
        36          8        396          0       1536        828   startup_stm32l432xx.o
       162         24          0         12          0      11525   stm32l4xx_hal.o
       198         14          0          0          0      33799   stm32l4xx_hal_cortex.o
       152          0          0          0          0       1763   stm32l4xx_hal_dma.o
       444         20          0          0          0       3069   stm32l4xx_hal_gpio.o
      1664         48          0          0          0      11894   stm32l4xx_hal_i2c.o
       168          0          0          0          0       1899   stm32l4xx_hal_i2c_ex.o
       260         26          0          0          0       2291   stm32l4xx_hal_msp.o
        16          4          0          0          0        539   stm32l4xx_hal_pwr.o
       120         20          0          0          0       1354   stm32l4xx_hal_pwr_ex.o
      2036         98          0          0          0       6956   stm32l4xx_hal_rcc.o
       966         36          0          0          0       3425   stm32l4xx_hal_rcc_ex.o
      2120         60          0          0          0      12074   stm32l4xx_hal_uart.o
         2          0          0          0          0       1004   stm32l4xx_hal_uart_ex.o
        76         20          0          4          0       4802   stm32l4xx_it.o
        60         12         72          4          0       1185   system_stm32l4xx.o

    ----------------------------------------------------------------------
     10582        624        512         48       1744     740028   Object Totals
         0          0         32          0          0          0   (incl. Generated)
        36          0          4          0          0          0   (incl. Padding)

    ----------------------------------------------------------------------

      Code (inc. data)   RO Data    RW Data    ZI Data      Debug   Library Member Name

       184         44          0          0          0        744   dunder.o
        24          0          0          0          0        124   fabs.o
        48          0          0          0          0        124   fpclassify.o
      1016         92         56          0          0        440   log.o
       304         44          0          0          0        200   log10.o
       248          0          0          0          0        152   poly.o
      3200        296        136          0          0        352   pow.o
         0          0          8          0          0          0   qnan.o
       110          0          0          0          0        148   sqrt.o
         0          0          0          0          0          0   entry.o
         0          0          0          0          0          0   entry10a.o
         0          0          0          0          0          0   entry11a.o
         4          0          0          0          0          0   entry12b.o
         8          4          0          0          0          0   entry2.o
         4          0          0          0          0          0   entry5.o
         0          0          0          0          0          0   entry7b.o
         0          0          0          0          0          0   entry8b.o
         8          4          0          0          0          0   entry9a.o
        12          6          0          4          0         68   errno.o
        18          0          0          0          0         80   fputc.o
        30          0          0          0          0          0   handlers.o
        36          8          0          0          0         68   init.o
         0          0          0          0          0          0   iusefp.o
         0          0          0          0          0          0   iusesemip.o
        30          0          0          0          0         68   llshl.o
        36          0          0          0          0         68   llsshr.o
        32          0          0          0          0         68   llushr.o
       108         16          0          0          0         84   malloc.o
        36          0          0          0          0        108   memseta.o
         0          0          0          8          0          0   mvars.o
        50          8          0          0          0        152   printfb.o
         0          0          0          0          0          0   semi.o
         0          0          0          4          0          0   stdout.o
       104          0          0          0          0         92   uldiv.o
        48          0          0          0          0         68   cdcmple.o
        48          0          0          0          0         68   cdrcmple.o
       350          0          0          0          0        148   dadd.o
       222          0          0          0          0        100   ddiv.o
       186          0          0          0          0        176   depilogue.o
        62          0          0          0          0         80   dfixi.o
        50          0          0          0          0         76   dfixui.o
        34          0          0          0          0         76   dflti.o
        26          0          0          0          0         76   dfltui.o
       234          0          0          0          0         96   dmul.o
        46          0          0          0          0         80   dscalb.o
       162          0          0          0          0        100   dsqrt.o

    ----------------------------------------------------------------------
      7122        522        200         16          0       4284   Library Totals
         4          0          0          0          0          0   (incl. Padding)

    ----------------------------------------------------------------------

      Code (inc. data)   RO Data    RW Data    ZI Data      Debug   Library Name

      5134        476        200          0          0       2284   m_wm.l
       516         46          0         16          0        856   mc_w.l
      1468          0          0          0          0       1144   mf_w.l

    ----------------------------------------------------------------------
      7122        522        200         16          0       4284   Library Totals

    ----------------------------------------------------------------------

==============================================================================


      Code (inc. data)   RO Data    RW Data    ZI Data      Debug   

     17704       1146        712         64       1744     734176   Grand Totals
     17704       1146        712         64       1744     734176   ELF Image Totals
     17704       1146        712         64          0          0   ROM Totals

==============================================================================

    Total RO  Size (Code + RO Data)                18416 (  17.98kB)
    Total RW  Size (RW Data + ZI Data)              1808 (   1.77kB)
    Total ROM Size (Code + RO Data + RW Data)      18480 (  18.05kB)

==============================================================================

